Archive member included to satisfy reference by file (symbol)

C:/msys32/home/Johannes/esp/mixhit/build/cxx\libcxx.a(cxx_guards.o)
                              (__cxa_guard_dummy)
C:/msys32/home/Johannes/esp/mixhit/build/esp32\libesp32.a(cpu_start.o)
                              (call_start_cpu0)
C:/msys32/home/Johannes/esp/mixhit/build/esp32\libesp32.a(dbg_stubs.o)
                              C:/msys32/home/Johannes/esp/mixhit/build/esp32\libesp32.a(cpu_start.o) (esp_dbg_stubs_init)
C:/msys32/home/Johannes/esp/mixhit/build/esp32\libesp32.a(task_wdt.o)
                              C:/msys32/home/Johannes/esp/mixhit/build/esp32\libesp32.a(cpu_start.o) (esp_task_wdt_init)
C:/msys32/home/Johannes/esp/mixhit/build/esp32\libesp32.a(reset_reason.o)
                              C:/msys32/home/Johannes/esp/mixhit/build/esp32\libesp32.a(task_wdt.o) (esp_reset_reason_set_hint)
C:/msys32/home/Johannes/esp/mixhit/build/esp32\libesp32.a(panic.o)
                              C:/msys32/home/Johannes/esp/mixhit/build/cxx\libcxx.a(cxx_guards.o) (abort)
C:/msys32/home/Johannes/esp/mixhit/build/esp32\libesp32.a(dport_panic_highint_hdl.o)
                              (ld_include_panic_highint_hdl)
C:/msys32/home/Johannes/esp/mixhit/build/esp32\libesp32.a(int_wdt.o)
                              C:/msys32/home/Johannes/esp/mixhit/build/esp32\libesp32.a(dport_panic_highint_hdl.o) (int_wdt_app_cpu_ticked)
C:/msys32/home/Johannes/esp/mixhit/build/esp32\libesp32.a(brownout.o)
                              C:/msys32/home/Johannes/esp/mixhit/build/esp32\libesp32.a(cpu_start.o) (esp_brownout_init)
C:/msys32/home/Johannes/esp/mixhit/build/esp32\libesp32.a(system_api.o)
                              C:/msys32/home/Johannes/esp/mixhit/build/esp32\libesp32.a(panic.o) (esp_restart_noos)
C:/msys32/home/Johannes/esp/mixhit/build/esp32\libesp32.a(dport_access.o)
                              C:/msys32/home/Johannes/esp/mixhit/build/esp32\libesp32.a(dport_panic_highint_hdl.o) (dport_access_start)
C:/msys32/home/Johannes/esp/mixhit/build/esp32\libesp32.a(esp_timer.o)
                              C:/msys32/home/Johannes/esp/mixhit/build/esp32\libesp32.a(cpu_start.o) (esp_timer_init)
C:/msys32/home/Johannes/esp/mixhit/build/esp32\libesp32.a(esp_err_to_name.o)
                              C:/msys32/home/Johannes/esp/mixhit/build/esp32\libesp32.a(panic.o) (esp_err_to_name)
C:/msys32/home/Johannes/esp/mixhit/build/esp32\libesp32.a(intr_alloc.o)
                              C:/msys32/home/Johannes/esp/mixhit/build/esp32\libesp32.a(task_wdt.o) (esp_intr_alloc)
C:/msys32/home/Johannes/esp/mixhit/build/esp32\libesp32.a(ipc.o)
                              C:/msys32/home/Johannes/esp/mixhit/build/esp32\libesp32.a(intr_alloc.o) (esp_ipc_call_blocking)
C:/msys32/home/Johannes/esp/mixhit/build/esp32\libesp32.a(cache_err_int.o)
                              C:/msys32/home/Johannes/esp/mixhit/build/esp32\libesp32.a(cpu_start.o) (esp_cache_err_int_init)
C:/msys32/home/Johannes/esp/mixhit/build/esp32\libesp32.a(freertos_hooks.o)
                              C:/msys32/home/Johannes/esp/mixhit/build/esp32\libesp32.a(task_wdt.o) (esp_register_freertos_idle_hook_for_cpu)
C:/msys32/home/Johannes/esp/mixhit/build/esp32\libesp32.a(clk.o)
                              C:/msys32/home/Johannes/esp/mixhit/build/esp32\libesp32.a(cpu_start.o) (esp_clk_init)
C:/msys32/home/Johannes/esp/mixhit/build/esp32\libesp32.a(esp_timer_esp32.o)
                              C:/msys32/home/Johannes/esp/mixhit/build/esp32\libesp32.a(esp_timer.o) (esp_timer_impl_get_time)
C:/msys32/home/Johannes/esp/mixhit/build/esp32\libesp32.a(crosscore_int.o)
                              C:/msys32/home/Johannes/esp/mixhit/build/esp32\libesp32.a(cpu_start.o) (esp_crosscore_int_init)
C:/msys32/home/Johannes/esp/mixhit/build/esp32\libesp32.a(pm_esp32.o)
                              C:/msys32/home/Johannes/esp/mixhit/build/esp32\libesp32.a(freertos_hooks.o) (esp_pm_impl_waiti)
C:/msys32/home/Johannes/esp/mixhit/build/esp32\libesp32.a(pm_locks.o)
                              C:/msys32/home/Johannes/esp/mixhit/build/esp32\libesp32.a(pm_esp32.o) (esp_pm_lock_create)
C:/msys32/home/Johannes/esp/esp-idf/components/esp32/libhal.a(int_asm--set_intclear.o)
                              C:/msys32/home/Johannes/esp/mixhit/build/esp32\libesp32.a(intr_alloc.o) (xthal_set_intclear)
C:/msys32/home/Johannes/esp/mixhit/build/freertos\libfreertos.a(FreeRTOS-openocd.o)
                              (uxTopUsedPriority)
C:/msys32/home/Johannes/esp/mixhit/build/freertos\libfreertos.a(tasks.o)
                              C:/msys32/home/Johannes/esp/mixhit/build/esp32\libesp32.a(system_api.o) (vTaskSuspendAll)
C:/msys32/home/Johannes/esp/mixhit/build/freertos\libfreertos.a(port.o)
                              C:/msys32/home/Johannes/esp/mixhit/build/freertos\libfreertos.a(tasks.o) (pxPortInitialiseStack)
C:/msys32/home/Johannes/esp/mixhit/build/freertos\libfreertos.a(xtensa_init.o)
[...]
Memory Configuration

Name             Origin             Length             Attributes
iram0_0_seg      0x40080000         0x00020000         xr
iram0_2_seg      0x400d0018         0x0032ffe8         xr
dram0_0_seg      0x3ffb0000         0x0002c200         rw
drom0_0_seg      0x3f400018         0x003fffe8         r
rtc_iram_seg     0x400c0000         0x00002000         xrw
rtc_data_seg     0x3ff80000         0x00002000         rw
rtc_slow_seg     0x50000000         0x00001000         rw
extern_ram_seg   0x3f800000         0x00400000         xrw
*default*        0x00000000         0xffffffff

Linker script and memory map

START GROUP
LOAD C:/msys32/home/Johannes/esp/mixhit/build/app_trace\libapp_trace.a
LOAD C:/msys32/home/Johannes/esp/mixhit/build/app_update\libapp_update.a
LOAD C:/msys32/home/Johannes/esp/mixhit/build/asio\libasio.a
LOAD C:/msys32/home/Johannes/esp/mixhit/build/bootloader_support\libbootloader_support.a
LOAD C:/msys32/home/Johannes/esp/mixhit/build/bt\libbt.a
LOAD C:/msys32/home/Johannes/esp/mixhit/build/coap\libcoap.a
LOAD C:/msys32/home/Johannes/esp/mixhit/build/console\libconsole.a
LOAD C:/msys32/home/Johannes/esp/mixhit/build/cpp_utils\libcpp_utils.a
LOAD C:/msys32/home/Johannes/esp/mixhit/build/cxx\libcxx.a
LOAD C:/msys32/home/Johannes/esp/mixhit/build/driver\libdriver.a
LOAD C:/msys32/home/Johannes/esp/mixhit/build/esp-tls\libesp-tls.a
LOAD C:/msys32/home/Johannes/esp/mixhit/build/esp32\libesp32.a
LOAD C:/msys32/home/Johannes/esp/esp-idf/components/esp32/libhal.a
LOAD C:/msys32/home/Johannes/esp/esp-idf/components/esp32/lib\libcore.a
LOAD C:/msys32/home/Johannes/esp/esp-idf/components/esp32/lib\librtc.a
LOAD C:/msys32/home/Johannes/esp/esp-idf/components/esp32/lib\libnet80211.a
LOAD C:/msys32/home/Johannes/esp/esp-idf/components/esp32/lib\libpp.a
LOAD C:/msys32/home/Johannes/esp/esp-idf/components/esp32/lib\libwpa.a
LOAD C:/msys32/home/Johannes/esp/esp-idf/components/esp32/lib\libsmartconfig.a
LOAD C:/msys32/home/Johannes/esp/esp-idf/components/esp32/lib\libcoexist.a
LOAD C:/msys32/home/Johannes/esp/esp-idf/components/esp32/lib\libwps.a
LOAD C:/msys32/home/Johannes/esp/esp-idf/components/esp32/lib\libwpa2.a
LOAD C:/msys32/home/Johannes/esp/esp-idf/components/esp32/lib\libespnow.a
LOAD C:/msys32/home/Johannes/esp/esp-idf/components/esp32/lib\libphy.a
LOAD C:/msys32/home/Johannes/esp/esp-idf/components/esp32/lib\libmesh.a
LOAD C:/msys32/home/Johannes/esp/mixhit/build/esp_adc_cal\libesp_adc_cal.a
LOAD C:/msys32/home/Johannes/esp/mixhit/build/esp_event\libesp_event.a
LOAD C:/msys32/home/Johannes/esp/mixhit/build/esp_http_client\libesp_http_client.a
LOAD C:/msys32/home/Johannes/esp/mixhit/build/esp_http_server\libesp_http_server.a
LOAD C:/msys32/home/Johannes/esp/mixhit/build/esp_https_ota\libesp_https_ota.a
LOAD C:/msys32/home/Johannes/esp/mixhit/build/esp_ringbuf\libesp_ringbuf.a
LOAD C:/msys32/home/Johannes/esp/mixhit/build/ethernet\libethernet.a
LOAD C:/msys32/home/Johannes/esp/mixhit/build/expat\libexpat.a
LOAD C:/msys32/home/Johannes/esp/mixhit/build/fatfs\libfatfs.a
LOAD C:/msys32/home/Johannes/esp/mixhit/build/freemodbus\libfreemodbus.a
LOAD C:/msys32/home/Johannes/esp/mixhit/build/freertos\libfreertos.a
LOAD C:/msys32/home/Johannes/esp/mixhit/build/heap\libheap.a
LOAD C:/msys32/home/Johannes/esp/mixhit/build/idf_test\libidf_test.a
LOAD C:/msys32/home/Johannes/esp/mixhit/build/jsmn\libjsmn.a
LOAD C:/msys32/home/Johannes/esp/mixhit/build/json\libjson.a
LOAD C:/msys32/home/Johannes/esp/mixhit/build/libsodium\liblibsodium.a
LOAD C:/msys32/home/Johannes/esp/mixhit/build/log\liblog.a
LOAD C:/msys32/home/Johannes/esp/mixhit/build/lwip\liblwip.a
LOAD C:/msys32/home/Johannes/esp/mixhit/build/main\libmain.a
LOAD C:/msys32/home/Johannes/esp/mixhit/build/mbedtls\libmbedtls.a
LOAD C:/msys32/home/Johannes/esp/mixhit/build/mdns\libmdns.a
LOAD C:/msys32/home/Johannes/esp/mixhit/build/micro-ecc\libmicro-ecc.a
LOAD C:/msys32/home/Johannes/esp/mixhit/build/mixhit_libraries\libmixhit_libraries.a
LOAD C:/msys32/home/Johannes/esp/mixhit/build/mqtt\libmqtt.a
LOAD C:/msys32/home/Johannes/esp/esp-idf/components/newlib/lib/libc.a
LOAD C:/msys32/home/Johannes/esp/esp-idf/components/newlib/lib/libm.a
LOAD C:/msys32/home/Johannes/esp/mixhit/build/newlib\libnewlib.a
LOAD C:/msys32/home/Johannes/esp/mixhit/build/nghttp\libnghttp.a
LOAD C:/msys32/home/Johannes/esp/mixhit/build/nvs_flash\libnvs_flash.a
LOAD C:/msys32/home/Johannes/esp/mixhit/build/openssl\libopenssl.a
LOAD C:/msys32/home/Johannes/esp/mixhit/build/protobuf-c\libprotobuf-c.a
LOAD C:/msys32/home/Johannes/esp/mixhit/build/protocomm\libprotocomm.a
LOAD C:/msys32/home/Johannes/esp/mixhit/build/pthread\libpthread.a
LOAD C:/msys32/home/Johannes/esp/mixhit/build/sdmmc\libsdmmc.a
LOAD C:/msys32/home/Johannes/esp/mixhit/build/smartconfig_ack\libsmartconfig_ack.a
LOAD C:/msys32/home/Johannes/esp/mixhit/build/soc\libsoc.a
LOAD C:/msys32/home/Johannes/esp/mixhit/build/spi_flash\libspi_flash.a
LOAD C:/msys32/home/Johannes/esp/mixhit/build/spiffs\libspiffs.a
LOAD C:/msys32/home/Johannes/esp/mixhit/build/tcp_transport\libtcp_transport.a
LOAD C:/msys32/home/Johannes/esp/mixhit/build/tcpip_adapter\libtcpip_adapter.a
LOAD C:/msys32/home/Johannes/esp/mixhit/build/ulp\libulp.a
LOAD C:/msys32/home/Johannes/esp/mixhit/build/vfs\libvfs.a
LOAD C:/msys32/home/Johannes/esp/mixhit/build/wear_levelling\libwear_levelling.a
LOAD C:/msys32/home/Johannes/esp/mixhit/build/wifi_provisioning\libwifi_provisioning.a
LOAD C:/msys32/home/Johannes/esp/mixhit/build/wpa_supplicant\libwpa_supplicant.a
LOAD C:/msys32/home/Johannes/esp/mixhit/build/xtensa-debug-module\libxtensa-debug-module.a
LOAD c:/msys32/opt/xtensa-esp32-elf/bin/../lib/gcc/xtensa-esp32-elf/5.2.0\libgcc.a
LOAD c:/msys32/opt/xtensa-esp32-elf/bin/../lib/gcc/xtensa-esp32-elf/5.2.0/../../../../xtensa-esp32-elf/lib\libstdc++.a
LOAD c:/msys32/opt/xtensa-esp32-elf/bin/../lib/gcc/xtensa-esp32-elf/5.2.0\libgcov.a
END GROUP
                0x40000000                _heap_end = 0x40000000
                0x3ff80000                _data_seg_org = ORIGIN (rtc_data_seg)

.rtc.text       0x400c0000        0x0
                0x400c0000                . = ALIGN (0x4)
 *(.rtc.literal .rtc.text)
 *rtc_wake_stub*.*(.literal .text .literal.* .text.*)
                0x400c0000                _rtc_text_end = ABSOLUTE (.)

.rtc.dummy      0x3ff80000        0x0
                0x3ff80000                _rtc_dummy_start = ABSOLUTE (.)
                0x3ff80000                _rtc_fast_start = ABSOLUTE (.)
                0x00000000                . = SIZEOF (.rtc.text)
                0x00000000                _rtc_dummy_end = ABSOLUTE (.)

.rtc.force_fast
                0x3ff80000        0x0
                0x3ff80000                . = ALIGN (0x4)
                0x3ff80000                _rtc_force_fast_start = ABSOLUTE (.)
 *(.rtc.force_fast .rtc.force_fast.*)
                0x3ff80000                . = ALIGN (0x4)
                0x3ff80000                _rtc_force_fast_end = ABSOLUTE (.)

.rtc.data       0x50000000        0x0
                0x50000000                _rtc_data_start = ABSOLUTE (.)
 *(.rtc.data)
 *(.rtc.rodata)
 *rtc_wake_stub*.*(.data .rodata .data.* .rodata.* .bss .bss.*)
                0x50000000                _rtc_data_end = ABSOLUTE (.)

.rtc.bss        0x50000000        0x0
                0x50000000                _rtc_bss_start = ABSOLUTE (.)
 *rtc_wake_stub*.*(.bss .bss.*)
 *rtc_wake_stub*.*(COMMON)
 *(.rtc.bss)
                0x50000000                _rtc_bss_end = ABSOLUTE (.)

.rtc_noinit     0x50000000        0x0
                0x50000000                . = ALIGN (0x4)
                0x50000000                _rtc_noinit_start = ABSOLUTE (.)
 *(.rtc_noinit .rtc_noinit.*)
                0x50000000                . = ALIGN (0x4)
                0x50000000                _rtc_noinit_end = ABSOLUTE (.)

.rtc.force_slow
                0x50000000        0x0
                0x50000000                . = ALIGN (0x4)
                0x50000000                _rtc_force_slow_start = ABSOLUTE (.)
 *(.rtc.force_slow .rtc.force_slow.*)
                0x50000000                . = ALIGN (0x4)
                0x50000000                _rtc_force_slow_end = ABSOLUTE (.)
                0x00000000                _rtc_slow_length = (ORIGIN (rtc_slow_seg) == ORIGIN (rtc_data_location))?(_rtc_force_slow_end - _rtc_data_start):(_rtc_force_slow_end - _rtc_force_slow_start)
                0x00000000                _rtc_fast_length = (ORIGIN (rtc_slow_seg) == ORIGIN (rtc_data_location))?(_rtc_force_fast_end - _rtc_fast_start):(_rtc_noinit_end - _rtc_fast_start)
                0x00000001                ASSERT ((_rtc_slow_length <= 0x1000), RTC_SLOW segment data does not fit.)
                0x00000001                ASSERT ((_rtc_fast_length <= 0x2000), RTC_FAST segment data does not fit.)

.iram0.vectors  0x40080000      0x400
                0x40080000                _iram_start = ABSOLUTE (.)
                0x40080000                _init_start = ABSOLUTE (.)
                0x00000000                . = 0x0
 *(.WindowVectors.text)
 .WindowVectors.text
                0x40080000      0x16a C:/msys32/home/Johannes/esp/mixhit/build/freertos\libfreertos.a(xtensa_vectors.o)
                0x40080000                _WindowOverflow4
                0x40080040                _WindowUnderflow4
                0x40080050                _xt_alloca_exc
                0x40080080                _WindowOverflow8
                0x400800c0                _WindowUnderflow8
                0x40080100                _WindowOverflow12
                0x40080140                _WindowUnderflow12
                0x00000180                . = 0x180
 *fill*         0x4008016a       0x16 
 *(.Level2InterruptVector.text)
 .Level2InterruptVector.text
                0x40080180        0x6 C:/msys32/home/Johannes/esp/mixhit/build/freertos\libfreertos.a(xtensa_vectors.o)
                0x40080180                _Level2Vector
                0x000001c0                . = 0x1c0
 *fill*         0x40080186       0x3a 
 *(.Level3InterruptVector.text)
 .Level3InterruptVector.text
                0x400801c0        0x6 C:/msys32/home/Johannes/esp/mixhit/build/freertos\libfreertos.a(xtensa_vectors.o)
                0x400801c0                _Level3Vector
                0x00000200                . = 0x200
 *fill*         0x400801c6       0x3a 
 *(.Level4InterruptVector.text)
 .Level4InterruptVector.text
                0x40080200        0x6 C:/msys32/home/Johannes/esp/mixhit/build/freertos\libfreertos.a(xtensa_vectors.o)
                0x40080200                _Level4Vector
                0x00000240                . = 0x240
 *fill*         0x40080206       0x3a 
 *(.Level5InterruptVector.text)
 .Level5InterruptVector.text
                0x40080240        0x6 C:/msys32/home/Johannes/esp/mixhit/build/freertos\libfreertos.a(xtensa_vectors.o)
                0x40080240                _Level5Vector
                0x00000280                . = 0x280
 *fill*         0x40080246       0x3a 
 *(.DebugExceptionVector.text)
 .DebugExceptionVector.text
                0x40080280        0x6 C:/msys32/home/Johannes/esp/mixhit/build/freertos\libfreertos.a(xtensa_vectors.o)
                0x40080280                _DebugExceptionVector
                0x000002c0                . = 0x2c0
 *fill*         0x40080286       0x3a 
 *(.NMIExceptionVector.text)
 .NMIExceptionVector.text
                0x400802c0        0x6 C:/msys32/home/Johannes/esp/mixhit/build/freertos\libfreertos.a(xtensa_vectors.o)
                0x400802c0                _NMIExceptionVector
                0x00000300                . = 0x300
 *fill*         0x400802c6       0x3a 
 *(.KernelExceptionVector.text)
 .KernelExceptionVector.text
                0x40080300        0x6 C:/msys32/home/Johannes/esp/mixhit/build/freertos\libfreertos.a(xtensa_vectors.o)
                0x40080300                _KernelExceptionVector
                0x00000340                . = 0x340
 *fill*         0x40080306       0x3a 
 *(.UserExceptionVector.text)
 .UserExceptionVector.text
                0x40080340        0x6 C:/msys32/home/Johannes/esp/mixhit/build/freertos\libfreertos.a(xtensa_vectors.o)
                0x40080340                _UserExceptionVector
                0x000003c0                . = 0x3c0
 *fill*         0x40080346       0x7a 
 *(.DoubleExceptionVector.text)
 .DoubleExceptionVector.text
                0x400803c0        0xf C:/msys32/home/Johannes/esp/mixhit/build/freertos\libfreertos.a(xtensa_vectors.o)
                0x400803c0                _DoubleExceptionVector
                0x00000400                . = 0x400
 *fill*         0x400803cf       0x31 
 *(.*Vector.literal)
 *(.UserEnter.literal)
 *(.UserEnter.text)
                0x40080400                . = ALIGN (0x10)
 *(.entry.text)
 *(.init.literal)
 *(.init)
                0x40080400                _init_end = ABSOLUTE (.)

.iram0.text     0x40080400     0x9198
                0x40080400                _iram_text_start = ABSOLUTE (.)
 *(.iram1 .iram1.*)
 .iram1.literal
                0x40080400       0xb4 C:/msys32/home/Johannes/esp/mixhit/build/esp32\libesp32.a(cpu_start.o)
                                0x1dc (size before relaxing)
 .iram1.literal
                0x400804b4       0x18 C:/msys32/home/Johannes/esp/mixhit/build/esp32\libesp32.a(reset_reason.o)
                                 0x20 (size before relaxing)
 .iram1.literal
                0x400804cc       0x24 C:/msys32/home/Johannes/esp/mixhit/build/esp32\libesp32.a(dport_panic_highint_hdl.o)
                                 0x28 (size before relaxing)
 .iram1.literal
                0x400804f0        0x8 C:/msys32/home/Johannes/esp/mixhit/build/esp32\libesp32.a(int_wdt.o)
                                  0xc (size before relaxing)
 .iram1.literal
                0x400804f8       0x44 C:/msys32/home/Johannes/esp/mixhit/build/esp32\libesp32.a(system_api.o)
                                 0xb8 (size before relaxing)
 .iram1.literal
                0x4008053c       0x28 C:/msys32/home/Johannes/esp/mixhit/build/esp32\libesp32.a(dport_access.o)
                                 0x88 (size before relaxing)
 .iram1.literal
                0x40080564       0x24 C:/msys32/home/Johannes/esp/mixhit/build/esp32\libesp32.a(esp_timer.o)
                                 0x60 (size before relaxing)
 .iram1.literal
                0x40080588       0x20 C:/msys32/home/Johannes/esp/mixhit/build/esp32\libesp32.a(intr_alloc.o)
                                 0x7c (size before relaxing)
 .iram1.literal
                0x400805a8       0x20 C:/msys32/home/Johannes/esp/mixhit/build/esp32\libesp32.a(ipc.o)
                                 0x34 (size before relaxing)
 .iram1.literal
                0x400805c8        0xc C:/msys32/home/Johannes/esp/mixhit/build/esp32\libesp32.a(cache_err_int.o)
                                 0x18 (size before relaxing)
 .iram1.literal
                0x400805d4        0x4 C:/msys32/home/Johannes/esp/mixhit/build/esp32\libesp32.a(freertos_hooks.o)
 .iram1.literal
                0x400805d8        0xc C:/msys32/home/Johannes/esp/mixhit/build/esp32\libesp32.a(clk.o)
                                 0x20 (size before relaxing)
 .iram1.literal
                0x400805e4       0x60 C:/msys32/home/Johannes/esp/mixhit/build/esp32\libesp32.a(esp_timer_esp32.o)
                                 0xf8 (size before relaxing)
 .iram1.literal
                0x40080644       0x1c C:/msys32/home/Johannes/esp/mixhit/build/esp32\libesp32.a(crosscore_int.o)
                                 0x40 (size before relaxing)
 .iram1.literal
                0x40080660        0x4 C:/msys32/home/Johannes/esp/mixhit/build/freertos\libfreertos.a(port.o)
 .iram1.literal
                0x40080664       0x44 C:/msys32/home/Johannes/esp/mixhit/build/freertos\libfreertos.a(xtensa_vectors.o)
                                 0x68 (size before relaxing)
 .iram1.literal
                0x400806a8       0x58 C:/msys32/home/Johannes/esp/mixhit/build/heap\libheap.a(heap_caps.o)
                                 0xb0 (size before relaxing)
 .iram1.literal
                0x40080700       0x24 C:/msys32/home/Johannes/esp/mixhit/build/log\liblog.a(log.o)
                                 0x48 (size before relaxing)
 .iram1.literal
                0x40080724       0x14 C:/msys32/home/Johannes/esp/mixhit/build/newlib\libnewlib.a(locks.o)
                                 0x90 (size before relaxing)
 .iram1.literal
                0x40080738        0x4 C:/msys32/home/Johannes/esp/mixhit/build/newlib\libnewlib.a(syscalls.o)
                                 0x14 (size before relaxing)
 .iram1.literal
                0x4008073c        0x8 C:/msys32/home/Johannes/esp/mixhit/build/newlib\libnewlib.a(reent_init.o)
                                 0x10 (size before relaxing)
 .iram1.literal
                0x40080744        0x4 C:/msys32/home/Johannes/esp/mixhit/build/newlib\libnewlib.a(time.o)
                                 0x1c (size before relaxing)
 .iram1.literal
                0x40080748       0x14 C:/msys32/home/Johannes/esp/mixhit/build/pthread\libpthread.a(pthread.o)
                                 0x48 (size before relaxing)
 .iram1.literal
                0x4008075c       0x1c C:/msys32/home/Johannes/esp/mixhit/build/soc\libsoc.a(cpu_util.o)
                                 0x30 (size before relaxing)
 .iram1.literal
                0x40080778       0x38 C:/msys32/home/Johannes/esp/mixhit/build/spi_flash\libspi_flash.a(flash_ops.o)
                                 0xe4 (size before relaxing)
 .iram1.literal
                0x400807b0       0x50 C:/msys32/home/Johannes/esp/mixhit/build/spi_flash\libspi_flash.a(cache_utils.o)
                                0x120 (size before relaxing)
 .iram1.literal
                0x40080800       0x50 C:/msys32/home/Johannes/esp/mixhit/build/spi_flash\libspi_flash.a(flash_mmap.o)
                                0x170 (size before relaxing)
 .literal.prvGetFreeSize
                0x40080850        0xc C:/msys32/home/Johannes/esp/mixhit/build/esp_ringbuf\libesp_ringbuf.a(ringbuf.o)
                                 0x14 (size before relaxing)
 .literal.prvReceiveGeneric
                0x4008085c        0x4 C:/msys32/home/Johannes/esp/mixhit/build/esp_ringbuf\libesp_ringbuf.a(ringbuf.o)
                                 0x3c (size before relaxing)
 .literal.xRingbufferSend
                0x40080860        0x4 C:/msys32/home/Johannes/esp/mixhit/build/esp_ringbuf\libesp_ringbuf.a(ringbuf.o)
                                 0x40 (size before relaxing)
 .literal.xRingbufferReceive
                0x40080864        0x4 C:/msys32/home/Johannes/esp/mixhit/build/esp_ringbuf\libesp_ringbuf.a(ringbuf.o)
                                 0x18 (size before relaxing)
 .literal.vRingbufferReturnItem
                0x40080868        0x4 C:/msys32/home/Johannes/esp/mixhit/build/esp_ringbuf\libesp_ringbuf.a(ringbuf.o)
                                 0x28 (size before relaxing)
 .literal.prvResetNextTaskUnblockTime
                0x4008086c        0x8 C:/msys32/home/Johannes/esp/mixhit/build/freertos\libfreertos.a(tasks.o)
 .literal.prvDeleteTLS
                0x40080874       0x10 C:/msys32/home/Johannes/esp/mixhit/build/freertos\libfreertos.a(tasks.o)
                                 0x18 (size before relaxing)
 .literal.prvInitialiseNewTask
                0x40080884        0x0 C:/msys32/home/Johannes/esp/mixhit/build/freertos\libfreertos.a(tasks.o)
                                 0x18 (size before relaxing)
 .literal.prvInitialiseTaskLists
                0x40080884       0x20 C:/msys32/home/Johannes/esp/mixhit/build/freertos\libfreertos.a(tasks.o)
                                 0x40 (size before relaxing)
 .literal.prvDeleteTCB
                0x400808a4        0x8 C:/msys32/home/Johannes/esp/mixhit/build/freertos\libfreertos.a(tasks.o)
                                 0x2c (size before relaxing)
 .literal.prvAddCurrentTaskToDelayedList
                0x400808ac        0x4 C:/msys32/home/Johannes/esp/mixhit/build/freertos\libfreertos.a(tasks.o)
                                 0x1c (size before relaxing)
 .literal.taskYIELD_OTHER_CORE
                0x400808b0        0x0 C:/msys32/home/Johannes/esp/mixhit/build/freertos\libfreertos.a(tasks.o)
                                 0x10 (size before relaxing)
 .literal.vTaskSuspendAll
                0x400808b0        0x4 C:/msys32/home/Johannes/esp/mixhit/build/freertos\libfreertos.a(tasks.o)
                                  0x8 (size before relaxing)
 .literal.xTaskGetIdleTaskHandleForCPU
                0x400808b4        0xc C:/msys32/home/Johannes/esp/mixhit/build/freertos\libfreertos.a(tasks.o)
                                 0x1c (size before relaxing)
 .literal.vTaskSwitchContext
                0x400808c0       0x18 C:/msys32/home/Johannes/esp/mixhit/build/freertos\libfreertos.a(tasks.o)
                                 0x3c (size before relaxing)
 .literal.vTaskSetTimeOutState
                0x400808d8        0xc C:/msys32/home/Johannes/esp/mixhit/build/freertos\libfreertos.a(tasks.o)
                                 0x20 (size before relaxing)
 .literal.xTaskGetCurrentTaskHandle
                0x400808e4        0x0 C:/msys32/home/Johannes/esp/mixhit/build/freertos\libfreertos.a(tasks.o)
                                  0x8 (size before relaxing)
 .literal.__getreent
                0x400808e4        0x0 C:/msys32/home/Johannes/esp/mixhit/build/freertos\libfreertos.a(tasks.o)
                                  0x8 (size before relaxing)
 .literal.pcTaskGetTaskName
                0x400808e4        0x8 C:/msys32/home/Johannes/esp/mixhit/build/freertos\libfreertos.a(tasks.o)
                                 0x1c (size before relaxing)
 .literal.xTaskGetAffinity
                0x400808ec        0x0 C:/msys32/home/Johannes/esp/mixhit/build/freertos\libfreertos.a(tasks.o)
                                  0x4 (size before relaxing)
 .literal.xTaskGetCurrentTaskHandleForCPU
                0x400808ec        0x0 C:/msys32/home/Johannes/esp/mixhit/build/freertos\libfreertos.a(tasks.o)
                                  0x4 (size before relaxing)
 .literal.xTaskGetSchedulerState
                0x400808ec        0x4 C:/msys32/home/Johannes/esp/mixhit/build/freertos\libfreertos.a(tasks.o)
                                  0xc (size before relaxing)
 .literal.vTaskEnterCritical
                0x400808f0       0x20 C:/msys32/home/Johannes/esp/mixhit/build/freertos\libfreertos.a(tasks.o)
                                 0x34 (size before relaxing)
 .literal.vTaskExitCritical
                0x40080910        0xc C:/msys32/home/Johannes/esp/mixhit/build/freertos\libfreertos.a(tasks.o)
                                 0x28 (size before relaxing)
 .literal.prvAddNewTaskToReadyList
                0x4008091c       0x10 C:/msys32/home/Johannes/esp/mixhit/build/freertos\libfreertos.a(tasks.o)
                                 0x58 (size before relaxing)
 .literal.xTaskCreatePinnedToCore
                0x4008092c        0x0 C:/msys32/home/Johannes/esp/mixhit/build/freertos\libfreertos.a(tasks.o)
                                 0x18 (size before relaxing)
 .literal.vTaskStartScheduler
                0x4008092c       0x10 C:/msys32/home/Johannes/esp/mixhit/build/freertos\libfreertos.a(tasks.o)
                                 0x3c (size before relaxing)
 .literal.vTaskDelete
                0x4008093c        0x8 C:/msys32/home/Johannes/esp/mixhit/build/freertos\libfreertos.a(tasks.o)
                                 0x60 (size before relaxing)
 .literal.uxTaskPriorityGet
                0x40080944        0x0 C:/msys32/home/Johannes/esp/mixhit/build/freertos\libfreertos.a(tasks.o)
                                 0x10 (size before relaxing)
 .literal.vTaskPrioritySet
                0x40080944        0x4 C:/msys32/home/Johannes/esp/mixhit/build/freertos\libfreertos.a(tasks.o)
                                 0x44 (size before relaxing)
 .literal.prvCheckTasksWaitingTermination
                0x40080948        0x8 C:/msys32/home/Johannes/esp/mixhit/build/freertos\libfreertos.a(tasks.o)
                                 0x30 (size before relaxing)
 .literal.prvIdleTask
                0x40080950        0x0 C:/msys32/home/Johannes/esp/mixhit/build/freertos\libfreertos.a(tasks.o)
                                  0x8 (size before relaxing)
 .literal.xTaskGetTickCount
                0x40080950        0x4 C:/msys32/home/Johannes/esp/mixhit/build/freertos\libfreertos.a(tasks.o)
                                 0x10 (size before relaxing)
 .literal.xTaskIncrementTick
                0x40080954        0xc C:/msys32/home/Johannes/esp/mixhit/build/freertos\libfreertos.a(tasks.o)
                                 0x78 (size before relaxing)
 .literal.xTaskResumeAll
                0x40080960        0x8 C:/msys32/home/Johannes/esp/mixhit/build/freertos\libfreertos.a(tasks.o)
                                 0x5c (size before relaxing)
 .literal.vTaskPlaceOnEventList
                0x40080968        0x8 C:/msys32/home/Johannes/esp/mixhit/build/freertos\libfreertos.a(tasks.o)
                                 0x40 (size before relaxing)
 .literal.vTaskPlaceOnEventListRestricted
                0x40080970        0x8 C:/msys32/home/Johannes/esp/mixhit/build/freertos\libfreertos.a(tasks.o)
                                 0x38 (size before relaxing)
 .literal.xTaskRemoveFromEventList
                0x40080978        0x8 C:/msys32/home/Johannes/esp/mixhit/build/freertos\libfreertos.a(tasks.o)
                                 0x58 (size before relaxing)
 .literal.xTaskCheckForTimeOut
                0x40080980        0xc C:/msys32/home/Johannes/esp/mixhit/build/freertos\libfreertos.a(tasks.o)
                                 0x3c (size before relaxing)
 .literal.vTaskPriorityInherit
                0x4008098c        0x0 C:/msys32/home/Johannes/esp/mixhit/build/freertos\libfreertos.a(tasks.o)
                                 0x2c (size before relaxing)
 .literal.xTaskPriorityDisinherit
                0x4008098c        0x8 C:/msys32/home/Johannes/esp/mixhit/build/freertos\libfreertos.a(tasks.o)
                                 0x40 (size before relaxing)
 .literal.pvTaskIncrementMutexHeldCount
                0x40080994        0x0 C:/msys32/home/Johannes/esp/mixhit/build/freertos\libfreertos.a(tasks.o)
                                 0x10 (size before relaxing)
 .literal.vPortTaskWrapper
                0x40080994        0x8 C:/msys32/home/Johannes/esp/mixhit/build/freertos\libfreertos.a(port.o)
                                 0x18 (size before relaxing)
 .literal.pxPortInitialiseStack
                0x4008099c       0x14 C:/msys32/home/Johannes/esp/mixhit/build/freertos\libfreertos.a(port.o)
                                 0x1c (size before relaxing)
 .literal.xPortStartScheduler
                0x400809b0        0x0 C:/msys32/home/Johannes/esp/mixhit/build/freertos\libfreertos.a(port.o)
                                 0x14 (size before relaxing)
 .literal.xPortSysTickHandler
                0x400809b0        0x0 C:/msys32/home/Johannes/esp/mixhit/build/freertos\libfreertos.a(port.o)
                                  0x8 (size before relaxing)
 .literal.vPortYieldOtherCore
                0x400809b0        0x0 C:/msys32/home/Johannes/esp/mixhit/build/freertos\libfreertos.a(port.o)
                                  0x4 (size before relaxing)
 .literal.vPortReleaseTaskMPUSettings
                0x400809b0        0x0 C:/msys32/home/Johannes/esp/mixhit/build/freertos\libfreertos.a(port.o)
                                  0x4 (size before relaxing)
 .literal.xPortInIsrContext
                0x400809b0        0x0 C:/msys32/home/Johannes/esp/mixhit/build/freertos\libfreertos.a(port.o)
                                  0x8 (size before relaxing)
 .literal.vPortCPUInitializeMutex
                0x400809b0        0x0 C:/msys32/home/Johannes/esp/mixhit/build/freertos\libfreertos.a(port.o)
                                  0x4 (size before relaxing)
 .literal.vPortCPUAcquireMutex
                0x400809b0       0x14 C:/msys32/home/Johannes/esp/mixhit/build/freertos\libfreertos.a(port.o)
                                 0x30 (size before relaxing)
 .literal.vPortCPUReleaseMutex
                0x400809c4        0xc C:/msys32/home/Johannes/esp/mixhit/build/freertos\libfreertos.a(port.o)
                                 0x20 (size before relaxing)
 .literal._xt_tick_divisor_init
                0x400809d0        0x8 C:/msys32/home/Johannes/esp/mixhit/build/freertos\libfreertos.a(xtensa_init.o)
                                  0xc (size before relaxing)
 .literal.prvIsQueueFull
                0x400809d8        0x0 C:/msys32/home/Johannes/esp/mixhit/build/freertos\libfreertos.a(queue.o)
                                  0x8 (size before relaxing)
 .literal.prvCopyDataToQueue
                0x400809d8        0x0 C:/msys32/home/Johannes/esp/mixhit/build/freertos\libfreertos.a(queue.o)
                                  0xc (size before relaxing)
 .literal.prvNotifyQueueSetContainer
                0x400809d8       0x14 C:/msys32/home/Johannes/esp/mixhit/build/freertos\libfreertos.a(queue.o)
                                 0x34 (size before relaxing)
 .literal.prvCopyDataFromQueue
                0x400809ec        0x0 C:/msys32/home/Johannes/esp/mixhit/build/freertos\libfreertos.a(queue.o)
                                  0x4 (size before relaxing)
 .literal.xQueueGenericReset
                0x400809ec        0x4 C:/msys32/home/Johannes/esp/mixhit/build/freertos\libfreertos.a(queue.o)
                                 0x30 (size before relaxing)
 .literal.prvInitialiseNewQueue
                0x400809f0        0x0 C:/msys32/home/Johannes/esp/mixhit/build/freertos\libfreertos.a(queue.o)
                                  0x4 (size before relaxing)
 .literal.xQueueGenericCreate
                0x400809f0        0x4 C:/msys32/home/Johannes/esp/mixhit/build/freertos\libfreertos.a(queue.o)
                                 0x1c (size before relaxing)
 .literal.xQueueGetMutexHolder
                0x400809f4        0x0 C:/msys32/home/Johannes/esp/mixhit/build/freertos\libfreertos.a(queue.o)
                                  0x8 (size before relaxing)
 .literal.xQueueCreateCountingSemaphore
                0x400809f4        0x4 C:/msys32/home/Johannes/esp/mixhit/build/freertos\libfreertos.a(queue.o)
                                 0x28 (size before relaxing)
 .literal.xQueueGenericSend
                0x400809f8        0x4 C:/msys32/home/Johannes/esp/mixhit/build/freertos\libfreertos.a(queue.o)
                                 0x7c (size before relaxing)
 .literal.prvInitialiseMutex
                0x400809fc        0x0 C:/msys32/home/Johannes/esp/mixhit/build/freertos\libfreertos.a(queue.o)
                                  0x8 (size before relaxing)
 .literal.xQueueCreateMutex
                0x400809fc        0x0 C:/msys32/home/Johannes/esp/mixhit/build/freertos\libfreertos.a(queue.o)
                                  0x8 (size before relaxing)
 .literal.xQueueGiveMutexRecursive
                0x400809fc        0x4 C:/msys32/home/Johannes/esp/mixhit/build/freertos\libfreertos.a(queue.o)
                                 0x1c (size before relaxing)
 .literal.xQueueGenericSendFromISR
                0x40080a00        0x4 C:/msys32/home/Johannes/esp/mixhit/build/freertos\libfreertos.a(queue.o)
                                 0x3c (size before relaxing)
 .literal.xQueueGiveFromISR
                0x40080a04        0x4 C:/msys32/home/Johannes/esp/mixhit/build/freertos\libfreertos.a(queue.o)
                                 0x30 (size before relaxing)
 .literal.xQueueGenericReceive
                0x40080a08        0x4 C:/msys32/home/Johannes/esp/mixhit/build/freertos\libfreertos.a(queue.o)
                                 0x78 (size before relaxing)
 .literal.xQueueTakeMutexRecursive
                0x40080a0c        0x4 C:/msys32/home/Johannes/esp/mixhit/build/freertos\libfreertos.a(queue.o)
                                 0x1c (size before relaxing)
 .literal.xQueueReceiveFromISR
                0x40080a10        0x4 C:/msys32/home/Johannes/esp/mixhit/build/freertos\libfreertos.a(queue.o)
                                 0x30 (size before relaxing)
 .literal.vQueueDelete
                0x40080a14        0x4 C:/msys32/home/Johannes/esp/mixhit/build/freertos\libfreertos.a(queue.o)
                                 0x18 (size before relaxing)
 .literal.vQueueWaitForMessageRestricted
                0x40080a18        0x0 C:/msys32/home/Johannes/esp/mixhit/build/freertos\libfreertos.a(queue.o)
                                  0xc (size before relaxing)
 .literal.xt_unhandled_interrupt
                0x40080a18        0x4 C:/msys32/home/Johannes/esp/mixhit/build/freertos\libfreertos.a(xtensa_intr.o)
                                  0x8 (size before relaxing)
 .literal.xt_set_interrupt_handler
                0x40080a1c        0x8 C:/msys32/home/Johannes/esp/mixhit/build/freertos\libfreertos.a(xtensa_intr.o)
                                  0xc (size before relaxing)
 .literal       0x40080a24        0xc C:/msys32/home/Johannes/esp/mixhit/build/freertos\libfreertos.a(portasm.o)
                                 0x54 (size before relaxing)
 .literal       0x40080a30        0x0 C:/msys32/home/Johannes/esp/mixhit/build/freertos\libfreertos.a(xtensa_context.o)
                                 0x10 (size before relaxing)
 .literal.prvGetNextExpireTime
                0x40080a30        0x4 C:/msys32/home/Johannes/esp/mixhit/build/freertos\libfreertos.a(timers.o)
 .literal.prvInsertTimerInActiveList
                0x40080a34        0x4 C:/msys32/home/Johannes/esp/mixhit/build/freertos\libfreertos.a(timers.o)
                                 0x10 (size before relaxing)
 .literal.prvCheckForValidListAndQueue
                0x40080a38       0x1c C:/msys32/home/Johannes/esp/mixhit/build/freertos\libfreertos.a(timers.o)
                                 0x44 (size before relaxing)
 .literal.xTimerCreateTimerTask
                0x40080a54        0xc C:/msys32/home/Johannes/esp/mixhit/build/freertos\libfreertos.a(timers.o)
                                 0x2c (size before relaxing)
 .literal.xTimerGenericCommand
                0x40080a60        0x0 C:/msys32/home/Johannes/esp/mixhit/build/freertos\libfreertos.a(timers.o)
                                 0x14 (size before relaxing)
 .literal.prvSwitchTimerLists
                0x40080a60        0x4 C:/msys32/home/Johannes/esp/mixhit/build/freertos\libfreertos.a(timers.o)
                                 0x28 (size before relaxing)
 .literal.prvSampleTimeNow
                0x40080a64        0x4 C:/msys32/home/Johannes/esp/mixhit/build/freertos\libfreertos.a(timers.o)
                                  0xc (size before relaxing)
 .literal.prvProcessExpiredTimer
                0x40080a68        0x4 C:/msys32/home/Johannes/esp/mixhit/build/freertos\libfreertos.a(timers.o)
                                 0x24 (size before relaxing)
 .literal.prvProcessTimerOrBlockTask
                0x40080a6c        0x0 C:/msys32/home/Johannes/esp/mixhit/build/freertos\libfreertos.a(timers.o)
                                 0x24 (size before relaxing)
 .literal.prvProcessReceivedCommands
                0x40080a6c        0x8 C:/msys32/home/Johannes/esp/mixhit/build/freertos\libfreertos.a(timers.o)
                                 0x40 (size before relaxing)
 .literal.prvTimerTask
                0x40080a74        0x0 C:/msys32/home/Johannes/esp/mixhit/build/freertos\libfreertos.a(timers.o)
                                  0xc (size before relaxing)
 .literal.get_prev_free_block
                0x40080a74       0x10 C:/msys32/home/Johannes/esp/mixhit/build/heap\libheap.a(multi_heap.o)
                                 0x28 (size before relaxing)
 .literal.split_if_necessary
                0x40080a84       0x10 C:/msys32/home/Johannes/esp/mixhit/build/heap\libheap.a(multi_heap.o)
                                 0x50 (size before relaxing)
 .literal.assert_valid_block
                0x40080a94        0x0 C:/msys32/home/Johannes/esp/mixhit/build/heap\libheap.a(multi_heap.o)
                                 0x2c (size before relaxing)
 .literal.merge_adjacent
                0x40080a94        0x8 C:/msys32/home/Johannes/esp/mixhit/build/heap\libheap.a(multi_heap.o)
                                 0x4c (size before relaxing)
 .literal.multi_heap_get_allocated_size_impl
                0x40080a9c        0x0 C:/msys32/home/Johannes/esp/mixhit/build/heap\libheap.a(multi_heap.o)
                                 0x10 (size before relaxing)
 .literal.multi_heap_malloc_impl
                0x40080a9c        0x0 C:/msys32/home/Johannes/esp/mixhit/build/heap\libheap.a(multi_heap.o)
                                 0x28 (size before relaxing)
 .literal.multi_heap_free_impl
                0x40080a9c        0x0 C:/msys32/home/Johannes/esp/mixhit/build/heap\libheap.a(multi_heap.o)
                                 0x50 (size before relaxing)
 .literal.multi_heap_realloc_impl
                0x40080a9c        0x8 C:/msys32/home/Johannes/esp/mixhit/build/heap\libheap.a(multi_heap.o)
                                 0x68 (size before relaxing)
 .literal.panicPutChar
                0x40080aa4        0x4 C:/msys32/home/Johannes/esp/mixhit/build/esp32\libesp32.a(panic.o)
                                  0x8 (size before relaxing)
 .literal.panicPutStr
                0x40080aa8        0x0 C:/msys32/home/Johannes/esp/mixhit/build/esp32\libesp32.a(panic.o)
                                  0x4 (size before relaxing)
 .literal.panicPutHex
                0x40080aa8        0x0 C:/msys32/home/Johannes/esp/mixhit/build/esp32\libesp32.a(panic.o)
                                  0x8 (size before relaxing)
 .literal.panicPutDec
                0x40080aa8        0x4 C:/msys32/home/Johannes/esp/mixhit/build/esp32\libesp32.a(panic.o)
                                 0x10 (size before relaxing)
 .literal.reconfigureAllWdts
                0x40080aac        0xc C:/msys32/home/Johannes/esp/mixhit/build/esp32\libesp32.a(panic.o)
                                 0x24 (size before relaxing)
 .literal.putEntry
                0x40080ab8        0xc C:/msys32/home/Johannes/esp/mixhit/build/esp32\libesp32.a(panic.o)
                                 0x20 (size before relaxing)
 .literal.doBacktrace
                0x40080ac4       0x10 C:/msys32/home/Johannes/esp/mixhit/build/esp32\libesp32.a(panic.o)
                                 0x24 (size before relaxing)
 .literal.invoke_abort
                0x40080ad4        0x4 C:/msys32/home/Johannes/esp/mixhit/build/esp32\libesp32.a(panic.o)
                                  0x8 (size before relaxing)
 .literal.haltOtherCore
                0x40080ad8        0x0 C:/msys32/home/Johannes/esp/mixhit/build/esp32\libesp32.a(panic.o)
                                  0x4 (size before relaxing)
 .literal.commonErrorHandler_dump
                0x40080ad8       0x30 C:/msys32/home/Johannes/esp/mixhit/build/esp32\libesp32.a(panic.o)
                                 0x90 (size before relaxing)
 .literal.esp_panic_dig_reset
                0x40080b08        0x0 C:/msys32/home/Johannes/esp/mixhit/build/esp32\libesp32.a(panic.o)
                                 0x18 (size before relaxing)
 .literal.commonErrorHandler
                0x40080b08        0x8 C:/msys32/home/Johannes/esp/mixhit/build/esp32\libesp32.a(panic.o)
                                 0x4c (size before relaxing)
 .literal.esp_error_check_failed_print
                0x40080b10       0x14 C:/msys32/home/Johannes/esp/mixhit/build/esp32\libesp32.a(panic.o)
                                 0x2c (size before relaxing)
 .literal.abort
                0x40080b24        0x8 C:/msys32/home/Johannes/esp/mixhit/build/esp32\libesp32.a(panic.o)
                                 0x18 (size before relaxing)
 .literal.vApplicationStackOverflowHook
                0x40080b2c        0x8 C:/msys32/home/Johannes/esp/mixhit/build/esp32\libesp32.a(panic.o)
                                 0x18 (size before relaxing)
 .literal.panicHandler
                0x40080b34       0x34 C:/msys32/home/Johannes/esp/mixhit/build/esp32\libesp32.a(panic.o)
                                 0xa8 (size before relaxing)
 .literal.xt_unhandled_exception
                0x40080b68       0x18 C:/msys32/home/Johannes/esp/mixhit/build/esp32\libesp32.a(panic.o)
                                 0x64 (size before relaxing)
 .literal._esp_error_check_failed
                0x40080b80        0x4 C:/msys32/home/Johannes/esp/mixhit/build/esp32\libesp32.a(panic.o)
                                  0xc (size before relaxing)
 .literal.rtc_clk_32k_enable_common
                0x40080b84       0x14 C:/msys32/home/Johannes/esp/mixhit/build/soc\libsoc.a(rtc_clk.o)
 .literal.rtc_clk_bbpll_disable
                0x40080b98        0xc C:/msys32/home/Johannes/esp/mixhit/build/soc\libsoc.a(rtc_clk.o)
                                 0x10 (size before relaxing)
 .literal.rtc_clk_bbpll_enable
                0x40080ba4        0x4 C:/msys32/home/Johannes/esp/mixhit/build/soc\libsoc.a(rtc_clk.o)
                                  0x8 (size before relaxing)
 .literal.rtc_clk_32k_enable
                0x40080ba8        0x4 C:/msys32/home/Johannes/esp/mixhit/build/soc\libsoc.a(rtc_clk.o)
                                  0xc (size before relaxing)
 .literal.rtc_clk_32k_enable_external
                0x40080bac        0x0 C:/msys32/home/Johannes/esp/mixhit/build/soc\libsoc.a(rtc_clk.o)
                                  0x4 (size before relaxing)
 .literal.rtc_clk_8m_enable
                0x40080bac        0xc C:/msys32/home/Johannes/esp/mixhit/build/soc\libsoc.a(rtc_clk.o)
                                 0x10 (size before relaxing)
 .literal.rtc_clk_slow_freq_set
                0x40080bb8        0x0 C:/msys32/home/Johannes/esp/mixhit/build/soc\libsoc.a(rtc_clk.o)
                                  0xc (size before relaxing)
 .literal.rtc_clk_slow_freq_get
                0x40080bb8        0x0 C:/msys32/home/Johannes/esp/mixhit/build/soc\libsoc.a(rtc_clk.o)
                                  0x4 (size before relaxing)
 .literal.rtc_clk_slow_freq_get_hz
                0x40080bb8        0xc C:/msys32/home/Johannes/esp/mixhit/build/soc\libsoc.a(rtc_clk.o)
                                 0x10 (size before relaxing)
 .literal.rtc_clk_fast_freq_set
                0x40080bc4        0x4 C:/msys32/home/Johannes/esp/mixhit/build/soc\libsoc.a(rtc_clk.o)
                                  0xc (size before relaxing)
 .literal.rtc_clk_bbpll_configure
                0x40080bc8       0x10 C:/msys32/home/Johannes/esp/mixhit/build/soc\libsoc.a(rtc_clk.o)
                                 0x3c (size before relaxing)
 .literal.rtc_clk_xtal_freq_get
                0x40080bd8        0x8 C:/msys32/home/Johannes/esp/mixhit/build/soc\libsoc.a(rtc_clk.o)
 .literal.rtc_clk_cpu_freq_mhz_to_config
                0x40080be0        0x0 C:/msys32/home/Johannes/esp/mixhit/build/soc\libsoc.a(rtc_clk.o)
                                  0x4 (size before relaxing)
 .literal.rtc_clk_cpu_freq_get_config
                0x40080be0       0x10 C:/msys32/home/Johannes/esp/mixhit/build/soc\libsoc.a(rtc_clk.o)
                                 0x34 (size before relaxing)
 .literal.rtc_clk_apb_freq_update
                0x40080bf0        0x4 C:/msys32/home/Johannes/esp/mixhit/build/soc\libsoc.a(rtc_clk.o)
 .literal.rtc_clk_cpu_freq_to_xtal
                0x40080bf4        0x8 C:/msys32/home/Johannes/esp/mixhit/build/soc\libsoc.a(rtc_clk.o)
                                 0x34 (size before relaxing)
 .literal.rtc_clk_cpu_freq_set_xtal
                0x40080bfc        0x0 C:/msys32/home/Johannes/esp/mixhit/build/soc\libsoc.a(rtc_clk.o)
                                 0x10 (size before relaxing)
 .literal.rtc_clk_cpu_freq_to_pll_mhz
                0x40080bfc        0xc C:/msys32/home/Johannes/esp/mixhit/build/soc\libsoc.a(rtc_clk.o)
                                 0x3c (size before relaxing)
 .literal.rtc_clk_cpu_freq_to_8m
                0x40080c08        0x4 C:/msys32/home/Johannes/esp/mixhit/build/soc\libsoc.a(rtc_clk.o)
                                 0x2c (size before relaxing)
 .literal.rtc_clk_cpu_freq_set_config
                0x40080c0c        0x0 C:/msys32/home/Johannes/esp/mixhit/build/soc\libsoc.a(rtc_clk.o)
                                 0x30 (size before relaxing)
 .literal.rtc_clk_apb_freq_get
                0x40080c0c        0x4 C:/msys32/home/Johannes/esp/mixhit/build/soc\libsoc.a(rtc_clk.o)
                                 0x10 (size before relaxing)
 .literal.rtc_clk_cal_internal
                0x40080c10       0x30 C:/msys32/home/Johannes/esp/mixhit/build/soc\libsoc.a(rtc_time.o)
                                 0x68 (size before relaxing)
 .literal.rtc_clk_cal
                0x40080c40        0x0 C:/msys32/home/Johannes/esp/mixhit/build/soc\libsoc.a(rtc_time.o)
                                  0xc (size before relaxing)
 .literal.rtc_time_get
                0x40080c40       0x10 C:/msys32/home/Johannes/esp/mixhit/build/soc\libsoc.a(rtc_time.o)
                                 0x18 (size before relaxing)
 .literal.rtc_clk_wait_for_slow_cycle
                0x40080c50        0x8 C:/msys32/home/Johannes/esp/mixhit/build/soc\libsoc.a(rtc_time.o)
                                 0x20 (size before relaxing)
 .literal.rtc_init
                0x40080c58       0x74 C:/msys32/home/Johannes/esp/mixhit/build/soc\libsoc.a(rtc_init.o)
                                 0xdc (size before relaxing)
 .literal.rtc_wdt_get_protect_status
                0x40080ccc        0x8 C:/msys32/home/Johannes/esp/mixhit/build/soc\libsoc.a(rtc_wdt.o)
 .literal.rtc_wdt_protect_off
                0x40080cd4        0x0 C:/msys32/home/Johannes/esp/mixhit/build/soc\libsoc.a(rtc_wdt.o)
                                  0x8 (size before relaxing)
 .literal.rtc_wdt_protect_on
                0x40080cd4        0x0 C:/msys32/home/Johannes/esp/mixhit/build/soc\libsoc.a(rtc_wdt.o)
                                  0x4 (size before relaxing)
 .literal.rtc_wdt_enable
                0x40080cd4        0xc C:/msys32/home/Johannes/esp/mixhit/build/soc\libsoc.a(rtc_wdt.o)
                                 0x10 (size before relaxing)
 .literal.rtc_wdt_feed
                0x40080ce0        0x0 C:/msys32/home/Johannes/esp/mixhit/build/soc\libsoc.a(rtc_wdt.o)
                                 0x14 (size before relaxing)
 .literal.rtc_wdt_set_time
                0x40080ce0       0x14 C:/msys32/home/Johannes/esp/mixhit/build/soc\libsoc.a(rtc_wdt.o)
                                 0x20 (size before relaxing)
 .literal.rtc_wdt_set_stage
                0x40080cf4        0x8 C:/msys32/home/Johannes/esp/mixhit/build/soc\libsoc.a(rtc_wdt.o)
                                 0x14 (size before relaxing)
 .literal.rtc_wdt_disable
                0x40080cfc        0x0 C:/msys32/home/Johannes/esp/mixhit/build/soc\libsoc.a(rtc_wdt.o)
                                 0x2c (size before relaxing)
 .literal.rtc_wdt_set_length_of_reset_signal
                0x40080cfc        0x4 C:/msys32/home/Johannes/esp/mixhit/build/soc\libsoc.a(rtc_wdt.o)
                                  0xc (size before relaxing)
 .literal.rtc_wdt_is_on
                0x40080d00        0x0 C:/msys32/home/Johannes/esp/mixhit/build/soc\libsoc.a(rtc_wdt.o)
                                  0x4 (size before relaxing)
 .literal       0x40080d00        0x0 C:/msys32/home/Johannes/esp/esp-idf/components/esp32/libhal.a(windowspill_asm.o)
                                  0x4 (size before relaxing)
 .literal.esp_rom_spiflash_read_status
                0x40080d00       0x10 C:/msys32/home/Johannes/esp/mixhit/build/spi_flash\libspi_flash.a(spi_flash_rom_patch.o)
                                 0x14 (size before relaxing)
 .literal.esp_rom_spiflash_wait_idle
                0x40080d10        0x8 C:/msys32/home/Johannes/esp/mixhit/build/spi_flash\libspi_flash.a(spi_flash_rom_patch.o)
                                  0xc (size before relaxing)
 .literal.esp_rom_spiflash_erase_block_internal
                0x40080d18        0x4 C:/msys32/home/Johannes/esp/mixhit/build/spi_flash\libspi_flash.a(spi_flash_rom_patch.o)
                                 0x18 (size before relaxing)
 .literal.esp_rom_spiflash_erase_sector_internal
                0x40080d1c        0x0 C:/msys32/home/Johannes/esp/mixhit/build/spi_flash\libspi_flash.a(spi_flash_rom_patch.o)
                                 0x18 (size before relaxing)
 .literal.esp_rom_spiflash_read_data
                0x40080d1c       0x1c C:/msys32/home/Johannes/esp/mixhit/build/spi_flash\libspi_flash.a(spi_flash_rom_patch.o)
                                 0x34 (size before relaxing)
 .literal.esp_rom_spiflash_enable_write
                0x40080d38        0x0 C:/msys32/home/Johannes/esp/mixhit/build/spi_flash\libspi_flash.a(spi_flash_rom_patch.o)
                                 0x10 (size before relaxing)
 .literal.esp_rom_spiflash_program_page_internal
                0x40080d38       0x10 C:/msys32/home/Johannes/esp/mixhit/build/spi_flash\libspi_flash.a(spi_flash_rom_patch.o)
                                 0x40 (size before relaxing)
 .literal.esp_rom_spiflash_read_statushigh
                0x40080d48        0x4 C:/msys32/home/Johannes/esp/mixhit/build/spi_flash\libspi_flash.a(spi_flash_rom_patch.o)
                                  0xc (size before relaxing)
 .literal.esp_rom_spiflash_write_status
                0x40080d4c        0x4 C:/msys32/home/Johannes/esp/mixhit/build/spi_flash\libspi_flash.a(spi_flash_rom_patch.o)
                                 0x14 (size before relaxing)
 .literal.esp_rom_spiflash_unlock
                0x40080d50        0x8 C:/msys32/home/Johannes/esp/mixhit/build/spi_flash\libspi_flash.a(spi_flash_rom_patch.o)
                                 0x28 (size before relaxing)
 .literal.esp_rom_spiflash_erase_block
                0x40080d58        0xc C:/msys32/home/Johannes/esp/mixhit/build/spi_flash\libspi_flash.a(spi_flash_rom_patch.o)
                                 0x20 (size before relaxing)
 .literal.esp_rom_spiflash_erase_sector
                0x40080d64        0x0 C:/msys32/home/Johannes/esp/mixhit/build/spi_flash\libspi_flash.a(spi_flash_rom_patch.o)
                                 0x20 (size before relaxing)
 .literal.esp_rom_spiflash_write
                0x40080d64        0x0 C:/msys32/home/Johannes/esp/mixhit/build/spi_flash\libspi_flash.a(spi_flash_rom_patch.o)
                                 0x28 (size before relaxing)
 .literal.esp_rom_spiflash_write_encrypted
                0x40080d64        0xc C:/msys32/home/Johannes/esp/mixhit/build/spi_flash\libspi_flash.a(spi_flash_rom_patch.o)
                                 0x10 (size before relaxing)
 .literal.esp_rom_spiflash_read
                0x40080d70       0x30 C:/msys32/home/Johannes/esp/mixhit/build/spi_flash\libspi_flash.a(spi_flash_rom_patch.o)
                                 0x5c (size before relaxing)
 .literal       0x40080da0       0x10 C:/msys32/home/Johannes/esp/esp-idf/components/newlib/lib/libm.a(lib_a-s_fpclassify.o)
                                 0x18 (size before relaxing)
 .iram1         0x40080db0      0x286 C:/msys32/home/Johannes/esp/mixhit/build/esp32\libesp32.a(cpu_start.o)
                                0x33e (size before relaxing)
                0x40080db0                start_cpu0_default
                0x40080db0                start_cpu0
                0x40080e7c                start_cpu1
                0x40080e7c                start_cpu1_default
                0x40080ef8                call_start_cpu0
 *fill*         0x40081036        0x2 
 .iram1         0x40081038       0x5c C:/msys32/home/Johannes/esp/mixhit/build/esp32\libesp32.a(reset_reason.o)
                                 0x60 (size before relaxing)
                0x40081038                esp_reset_reason_set_hint
                0x40081068                esp_reset_reason_get_hint
 .iram1         0x40081094       0xda C:/msys32/home/Johannes/esp/mixhit/build/esp32\libesp32.a(dport_panic_highint_hdl.o)
                0x40081094                xt_highint4
                0x4008116e                ld_include_panic_highint_hdl
 *fill*         0x4008116e        0x2 
 .iram1         0x40081170       0x53 C:/msys32/home/Johannes/esp/mixhit/build/esp32\libesp32.a(int_wdt.o)
 *fill*         0x400811c3        0x1 
 .iram1         0x400811c4      0x195 C:/msys32/home/Johannes/esp/mixhit/build/esp32\libesp32.a(system_api.o)
                                0x1e4 (size before relaxing)
                0x400811c4                esp_restart_noos
                0x40081338                system_restart
                0x40081338                esp_restart
 *fill*         0x40081359        0x3 
 .iram1         0x4008135c      0x1e3 C:/msys32/home/Johannes/esp/mixhit/build/esp32\libesp32.a(dport_access.o)
                                0x1ef (size before relaxing)
                0x4008135c                esp_dport_access_stall_other_cpu_start
                0x4008140c                esp_dport_access_stall_other_cpu_end
                0x40081488                esp_dport_access_stall_other_cpu_start_wrap
                0x40081490                esp_dport_access_stall_other_cpu_end_wrap
                0x40081498                esp_dport_access_int_pause
                0x400814bc                esp_dport_access_int_abort
                0x400814d0                esp_dport_access_int_resume
                0x400814f4                esp_dport_access_reg_read
                0x4008150c                esp_dport_access_sequence_reg_read
                0x40081518                esp_dport_access_read_buffer
 *fill*         0x4008153f        0x1 
 .iram1         0x40081540      0x205 C:/msys32/home/Johannes/esp/mixhit/build/esp32\libesp32.a(esp_timer.o)
                                0x219 (size before relaxing)
                0x4008165c                esp_timer_stop
                0x40081680                esp_timer_get_next_alarm
                0x400816a0                esp_timer_get_time
                0x400816b0                esp_timer_start_once
                0x400816f4                esp_timer_start_periodic
 *fill*         0x40081745        0x3 
 .iram1         0x40081748      0x2b6 C:/msys32/home/Johannes/esp/mixhit/build/esp32\libesp32.a(intr_alloc.o)
                                0x2ce (size before relaxing)
                0x40081784                esp_intr_set_in_iram
                0x4008180c                esp_intr_enable
                0x40081894                esp_intr_disable
                0x4008195c                esp_intr_noniram_disable
                0x400819a8                esp_intr_noniram_enable
                0x400819e8                ets_isr_unmask
                0x400819f4                ets_isr_mask
 *fill*         0x400819fe        0x2 
 .iram1         0x40081a00       0x7f C:/msys32/home/Johannes/esp/mixhit/build/esp32\libesp32.a(ipc.o)
                                 0x8b (size before relaxing)
 *fill*         0x40081a7f        0x1 
 .iram1         0x40081a80       0x2c C:/msys32/home/Johannes/esp/mixhit/build/esp32\libesp32.a(cache_err_int.o)
                                 0x34 (size before relaxing)
                0x40081a80                esp_cache_err_get_cpuid
 .iram1         0x40081aac       0x27 C:/msys32/home/Johannes/esp/mixhit/build/esp32\libesp32.a(freertos_hooks.o)
                0x40081aac                esp_vApplicationTickHook
 *fill*         0x40081ad3        0x1 
 .iram1         0x40081ad4       0x47 C:/msys32/home/Johannes/esp/mixhit/build/esp32\libesp32.a(clk.o)
                                 0x4b (size before relaxing)
                0x40081ad4                esp_clk_cpu_freq
                0x40081ae4                esp_clk_apb_freq
                0x40081afc                esp_clk_xtal_freq
                0x40081b0c                ets_update_cpu_frequency
 *fill*         0x40081b1b        0x1 
 .iram1         0x40081b1c      0x4af C:/msys32/home/Johannes/esp/mixhit/build/esp32\libesp32.a(esp_timer_esp32.o)
                                0x4bb (size before relaxing)
                0x40081c40                esp_timer_impl_get_time
                0x40081db0                esp_timer_impl_set_alarm
                0x40081ef8                esp_timer_impl_update_apb_freq
                0x40081fc0                esp_timer_impl_get_min_period_us
 *fill*         0x40081fcb        0x1 
 .iram1         0x40081fcc       0xb0 C:/msys32/home/Johannes/esp/mixhit/build/esp32\libesp32.a(crosscore_int.o)
                                 0xc0 (size before relaxing)
                0x40082064                esp_crosscore_int_send_yield
                0x40082070                esp_crosscore_int_send_freq_switch
 .iram1         0x4008207c       0x1a C:/msys32/home/Johannes/esp/mixhit/build/freertos\libfreertos.a(port.o)
                0x4008207c                xPortInterruptedFromISRContext
 *fill*         0x40082096        0x2 
 .iram1         0x40082098      0x4b4 C:/msys32/home/Johannes/esp/mixhit/build/freertos\libfreertos.a(xtensa_vectors.o)
                0x40082098                _xt_panic
                0x400821b0                _xt_user_exit
                0x4008249c                _xt_medint2_exit
                0x40082538                _xt_medint3_exit
 .iram1         0x4008254c      0x3f1 C:/msys32/home/Johannes/esp/mixhit/build/heap\libheap.a(heap_caps.o)
                                0x40d (size before relaxing)
                0x400825dc                heap_caps_malloc
                0x4008267c                heap_caps_malloc_default
                0x400826c0                heap_caps_malloc_prefer
                0x40082718                heap_caps_free
                0x40082750                heap_caps_realloc
                0x400827fc                heap_caps_realloc_default
                0x40082854                heap_caps_realloc_prefer
                0x400828b8                heap_caps_calloc
                0x400828e8                heap_caps_calloc_prefer
 *fill*         0x4008293d        0x3 
 .iram1         0x40082940      0x18a C:/msys32/home/Johannes/esp/mixhit/build/log\liblog.a(log.o)
                                0x19a (size before relaxing)
                0x40082940                esp_log_write
                0x40082a70                esp_log_early_timestamp
                0x40082a8c                esp_log_timestamp
 *fill*         0x40082aca        0x2 
 .iram1         0x40082acc      0x1cc C:/msys32/home/Johannes/esp/mixhit/build/newlib\libnewlib.a(locks.o)
                                0x210 (size before relaxing)
                0x40082be4                _lock_init
                0x40082bf4                _lock_init_recursive
                0x40082c04                _lock_close
                0x40082c04                _lock_close_recursive
                0x40082c40                _lock_acquire
                0x40082c50                _lock_acquire_recursive
                0x40082c60                _lock_try_acquire
                0x40082c70                _lock_try_acquire_recursive
                0x40082c80                _lock_release
                0x40082c8c                _lock_release_recursive
 .iram1         0x40082c98       0x5a C:/msys32/home/Johannes/esp/mixhit/build/newlib\libnewlib.a(syscalls.o)
                                 0x62 (size before relaxing)
                0x40082c98                _malloc_r
                0x40082ca4                _free_r
                0x40082cb0                _realloc_r
                0x40082cc4                _calloc_r
 *fill*         0x40082cf2        0x2 
 .iram1         0x40082cf4       0x3c C:/msys32/home/Johannes/esp/mixhit/build/newlib\libnewlib.a(reent_init.o)
                0x40082cf4                esp_reent_init
 .iram1         0x40082d30       0x70 C:/msys32/home/Johannes/esp/mixhit/build/newlib\libnewlib.a(time.o)
                                 0x74 (size before relaxing)
                0x40082d30                _gettimeofday_r
                0x40082d78                _times_r
 .iram1         0x40082da0      0x161 C:/msys32/home/Johannes/esp/mixhit/build/pthread\libpthread.a(pthread.o)
                                0x17d (size before relaxing)
                0x40082df4                pthread_mutex_lock
                0x40082e18                pthread_mutex_timedlock
                0x40082e80                pthread_mutex_trylock
                0x40082ea4                pthread_mutex_unlock
 *fill*         0x40082f01        0x3 
 .iram1         0x40082f04      0x11a C:/msys32/home/Johannes/esp/mixhit/build/soc\libsoc.a(cpu_util.o)
                0x40082f04                esp_cpu_stall
                0x40082f98                esp_cpu_unstall
                0x40082fec                esp_cpu_reset
                0x40083010                esp_cpu_in_ocd_debug_mode
 *fill*         0x4008301e        0x2 
 .iram1         0x40083020      0x722 C:/msys32/home/Johannes/esp/mixhit/build/spi_flash\libspi_flash.a(flash_ops.o)
                                0x74a (size before relaxing)
                0x40083090                spi_flash_guard_set
                0x4008309c                spi_flash_guard_get
                0x400830a8                spi_flash_get_chip_size
                0x400830b4                spi_flash_erase_range
                0x4008316c                spi_flash_erase_sector
                0x40083190                spi_flash_write
                0x40083358                spi_flash_read
                0x400835f0                spi_flash_read_encrypted
                0x40083638                spi_flash_write_encrypted
 *fill*         0x40083742        0x2 
 .iram1         0x40083744      0x2f4 C:/msys32/home/Johannes/esp/mixhit/build/spi_flash\libspi_flash.a(cache_utils.o)
                                0x340 (size before relaxing)
                0x400837a8                spi_flash_op_block_func
                0x40083854                spi_flash_disable_interrupts_caches_and_other_cpu
                0x40083934                spi_flash_enable_interrupts_caches_and_other_cpu
                0x400839cc                spi_flash_disable_interrupts_caches_and_other_cpu_no_os
                0x400839f8                spi_flash_enable_interrupts_caches_no_os
                0x40083a14                spi_flash_cache_enabled
 .iram1         0x40083a38      0x5c3 C:/msys32/home/Johannes/esp/mixhit/build/spi_flash\libspi_flash.a(flash_mmap.o)
                                0x60f (size before relaxing)
                0x40083b8c                spi_flash_mmap_pages
                0x40083dd0                spi_flash_mmap
                0x40083e44                spi_flash_munmap
                0x40083ee8                spi_flash_mmap_get_free_pages
                0x40083f3c                spi_flash_mark_modified_region
                0x40083f88                spi_flash_phys2cache
 *fill*         0x40083ffb        0x1 
 .iram1         0x40083ffc       0x20 C:/msys32/home/Johannes/esp/mixhit/build/esp32\libesp32.a(dbg_stubs.o)
 *fill*         0x4008401c        0x0 
 *fill*         0x4008401c        0x0 
 *fill*         0x4008401c        0x0 
 *fill*         0x4008401c        0x0 
 *fill*         0x4008401c        0x0 
 *fill*         0x4008401c        0x0 
 *fill*         0x4008401c        0x0 
 *fill*         0x4008401c        0x0 
 *fill*         0x4008401c        0x0 
 *fill*         0x4008401c        0x0 
 .iram1         0x4008401c       0x2e C:/msys32/home/Johannes/esp/mixhit/build/freertos\libfreertos.a(xtensa_vector_defaults.o)
                0x4008401c                xt_debugexception
                0x4008403c                xt_highint5
                0x40084044                xt_nmi
                0x40084044                _xt_nmi
 *fill*         0x4008404a        0x0 
 *fill*         0x4008404a        0x0 
 *fill*         0x4008404a        0x0 
 *fill*         0x4008404a        0x0 
 *fill*         0x4008404a        0x0 
 *fill*         0x4008404a        0x0 
 *fill*         0x4008404a        0x0 
 *libesp_ringbuf.a:(.literal .text .literal.* .text.*)
 *fill*         0x4008404a        0x2 
 .text.prvGetFreeSize
                0x4008404c       0x3c C:/msys32/home/Johannes/esp/mixhit/build/esp_ringbuf\libesp_ringbuf.a(ringbuf.o)
                                 0x40 (size before relaxing)
 .text.prvReceiveGeneric
                0x40084088      0x128 C:/msys32/home/Johannes/esp/mixhit/build/esp_ringbuf\libesp_ringbuf.a(ringbuf.o)
                                0x13c (size before relaxing)
 .text.xRingbufferSend
                0x400841b0       0xfd C:/msys32/home/Johannes/esp/mixhit/build/esp_ringbuf\libesp_ringbuf.a(ringbuf.o)
                                0x111 (size before relaxing)
                0x400841b0                xRingbufferSend
 *fill*         0x400842ad        0x3 
 .text.xRingbufferReceive
                0x400842b0       0x45 C:/msys32/home/Johannes/esp/mixhit/build/esp_ringbuf\libesp_ringbuf.a(ringbuf.o)
                0x400842b0                xRingbufferReceive
 *fill*         0x400842f5        0x3 
 .text.vRingbufferReturnItem
                0x400842f8       0x5a C:/msys32/home/Johannes/esp/mixhit/build/esp_ringbuf\libesp_ringbuf.a(ringbuf.o)
                                 0x66 (size before relaxing)
                0x400842f8                vRingbufferReturnItem
 *fill*         0x40084352        0x2 
 .text.prvCheckItemAvail
                0x40084354       0x34 C:/msys32/home/Johannes/esp/mixhit/build/esp_ringbuf\libesp_ringbuf.a(ringbuf.o)
 *fill*         0x40084388        0x0 
 *fill*         0x40084388        0x0 
 *libfreertos.a:(.literal .text .literal.* .text.*)
 .text.prvResetNextTaskUnblockTime
                0x40084388       0x34 C:/msys32/home/Johannes/esp/mixhit/build/freertos\libfreertos.a(tasks.o)
 .text.prvDeleteTLS
                0x400843bc       0x40 C:/msys32/home/Johannes/esp/mixhit/build/freertos\libfreertos.a(tasks.o)
 .text.prvInitialiseNewTask
                0x400843fc       0xc4 C:/msys32/home/Johannes/esp/mixhit/build/freertos\libfreertos.a(tasks.o)
                                 0xd0 (size before relaxing)
 .text.prvInitialiseTaskLists
                0x400844c0       0x5a C:/msys32/home/Johannes/esp/mixhit/build/freertos\libfreertos.a(tasks.o)
                                 0x6e (size before relaxing)
 *fill*         0x4008451a        0x2 
 .text.prvDeleteTCB
                0x4008451c       0x56 C:/msys32/home/Johannes/esp/mixhit/build/freertos\libfreertos.a(tasks.o)
                                 0x5d (size before relaxing)
 *fill*         0x40084572        0x2 
 .text.prvAddCurrentTaskToDelayedList
                0x40084574       0x66 C:/msys32/home/Johannes/esp/mixhit/build/freertos\libfreertos.a(tasks.o)
                                 0x6a (size before relaxing)
 *fill*         0x400845da        0x2 
 .text.taskYIELD_OTHER_CORE
                0x400845dc       0x53 C:/msys32/home/Johannes/esp/mixhit/build/freertos\libfreertos.a(tasks.o)
                0x400845dc                taskYIELD_OTHER_CORE
 *fill*         0x4008462f        0x1 
 .text.vTaskSuspendAll
                0x40084630       0x26 C:/msys32/home/Johannes/esp/mixhit/build/freertos\libfreertos.a(tasks.o)
                0x40084630                vTaskSuspendAll
 *fill*         0x40084656        0x2 
 .text.xTaskGetIdleTaskHandleForCPU
                0x40084658       0x2a C:/msys32/home/Johannes/esp/mixhit/build/freertos\libfreertos.a(tasks.o)
                                 0x2e (size before relaxing)
                0x40084658                xTaskGetIdleTaskHandleForCPU
 *fill*         0x40084682        0x2 
 .text.vTaskSwitchContext
                0x40084684      0x27e C:/msys32/home/Johannes/esp/mixhit/build/freertos\libfreertos.a(tasks.o)
                                0x28a (size before relaxing)
                0x40084684                vTaskSwitchContext
 *fill*         0x40084902        0x2 
 .text.vTaskSetTimeOutState
                0x40084904       0x34 C:/msys32/home/Johannes/esp/mixhit/build/freertos\libfreertos.a(tasks.o)
                0x40084904                vTaskSetTimeOutState
 .text.xTaskGetCurrentTaskHandle
                0x40084938       0x1f C:/msys32/home/Johannes/esp/mixhit/build/freertos\libfreertos.a(tasks.o)
                0x40084938                xTaskGetCurrentTaskHandle
 *fill*         0x40084957        0x1 
 .text.__getreent
                0x40084958       0x19 C:/msys32/home/Johannes/esp/mixhit/build/freertos\libfreertos.a(tasks.o)
                0x40084958                __getreent
 *fill*         0x40084971        0x3 
 .text.pcTaskGetTaskName
                0x40084974       0x2a C:/msys32/home/Johannes/esp/mixhit/build/freertos\libfreertos.a(tasks.o)
                                 0x2d (size before relaxing)
                0x40084974                pcTaskGetTaskName
 *fill*         0x4008499e        0x2 
 .text.xTaskGetAffinity
                0x400849a0       0x10 C:/msys32/home/Johannes/esp/mixhit/build/freertos\libfreertos.a(tasks.o)
                                 0x13 (size before relaxing)
                0x400849a0                xTaskGetAffinity
 *fill*         0x400849b0        0x0 
 .text.xTaskGetCurrentTaskHandleForCPU
                0x400849b0       0x18 C:/msys32/home/Johannes/esp/mixhit/build/freertos\libfreertos.a(tasks.o)
                0x400849b0                xTaskGetCurrentTaskHandleForCPU
 .text.xTaskGetSchedulerState
                0x400849c8       0x37 C:/msys32/home/Johannes/esp/mixhit/build/freertos\libfreertos.a(tasks.o)
                0x400849c8                xTaskGetSchedulerState
 *fill*         0x400849ff        0x1 
 .text.vTaskEnterCritical
                0x40084a00       0xac C:/msys32/home/Johannes/esp/mixhit/build/freertos\libfreertos.a(tasks.o)
                                 0xb3 (size before relaxing)
                0x40084a00                vTaskEnterCritical
 *fill*         0x40084aac        0x0 
 .text.vTaskExitCritical
                0x40084aac       0x77 C:/msys32/home/Johannes/esp/mixhit/build/freertos\libfreertos.a(tasks.o)
                0x40084aac                vTaskExitCritical
 *fill*         0x40084b23        0x1 
 .text.prvAddNewTaskToReadyList
                0x40084b24      0x160 C:/msys32/home/Johannes/esp/mixhit/build/freertos\libfreertos.a(tasks.o)
                                0x173 (size before relaxing)
 *fill*         0x40084c84        0x0 
 .text.xTaskCreatePinnedToCore
                0x40084c84       0x6e C:/msys32/home/Johannes/esp/mixhit/build/freertos\libfreertos.a(tasks.o)
                                 0x76 (size before relaxing)
                0x40084c84                xTaskCreatePinnedToCore
 *fill*         0x40084cf2        0x2 
 .text.vTaskStartScheduler
                0x40084cf4       0x77 C:/msys32/home/Johannes/esp/mixhit/build/freertos\libfreertos.a(tasks.o)
                                 0x82 (size before relaxing)
                0x40084cf4                vTaskStartScheduler
 *fill*         0x40084d6b        0x1 
 .text.vTaskDelete
                0x40084d6c      0x10a C:/msys32/home/Johannes/esp/mixhit/build/freertos\libfreertos.a(tasks.o)
                                0x122 (size before relaxing)
                0x40084d6c                vTaskDelete
 *fill*         0x40084e76        0x2 
 .text.uxTaskPriorityGet
                0x40084e78       0x1c C:/msys32/home/Johannes/esp/mixhit/build/freertos\libfreertos.a(tasks.o)
                                 0x23 (size before relaxing)
                0x40084e78                uxTaskPriorityGet
 *fill*         0x40084e94        0x0 
 .text.vTaskPrioritySet
                0x40084e94      0x12d C:/msys32/home/Johannes/esp/mixhit/build/freertos\libfreertos.a(tasks.o)
                                0x143 (size before relaxing)
                0x40084e94                vTaskPrioritySet
 *fill*         0x40084fc1        0x3 
 .text.prvCheckTasksWaitingTermination
                0x40084fc4       0xbe C:/msys32/home/Johannes/esp/mixhit/build/freertos\libfreertos.a(tasks.o)
                                 0xc6 (size before relaxing)
 *fill*         0x40085082        0x2 
 .text.prvIdleTask
                0x40085084        0xc C:/msys32/home/Johannes/esp/mixhit/build/freertos\libfreertos.a(tasks.o)
                                 0x12 (size before relaxing)
 *fill*         0x40085090        0x0 
 .text.xTaskGetTickCount
                0x40085090       0x1c C:/msys32/home/Johannes/esp/mixhit/build/freertos\libfreertos.a(tasks.o)
                                 0x20 (size before relaxing)
                0x40085090                xTaskGetTickCount
 .text.xTaskIncrementTick
                0x400850ac      0x1b2 C:/msys32/home/Johannes/esp/mixhit/build/freertos\libfreertos.a(tasks.o)
                                0x1ce (size before relaxing)
                0x400850ac                xTaskIncrementTick
 *fill*         0x4008525e        0x2 
 .text.xTaskResumeAll
                0x40085260      0x177 C:/msys32/home/Johannes/esp/mixhit/build/freertos\libfreertos.a(tasks.o)
                                0x186 (size before relaxing)
                0x40085260                xTaskResumeAll
 *fill*         0x400853d7        0x1 
 .text.vTaskPlaceOnEventList
                0x400853d8       0x83 C:/msys32/home/Johannes/esp/mixhit/build/freertos\libfreertos.a(tasks.o)
                                 0x97 (size before relaxing)
                0x400853d8                vTaskPlaceOnEventList
 *fill*         0x4008545b        0x1 
 .text.vTaskPlaceOnEventListRestricted
                0x4008545c       0x5b C:/msys32/home/Johannes/esp/mixhit/build/freertos\libfreertos.a(tasks.o)
                                 0x6f (size before relaxing)
                0x4008545c                vTaskPlaceOnEventListRestricted
 *fill*         0x400854b7        0x1 
 .text.xTaskRemoveFromEventList
                0x400854b8      0x134 C:/msys32/home/Johannes/esp/mixhit/build/freertos\libfreertos.a(tasks.o)
                                0x143 (size before relaxing)
                0x400854b8                xTaskRemoveFromEventList
 *fill*         0x400855ec        0x0 
 .text.xTaskCheckForTimeOut
                0x400855ec       0x89 C:/msys32/home/Johannes/esp/mixhit/build/freertos\libfreertos.a(tasks.o)
                                 0x94 (size before relaxing)
                0x400855ec                xTaskCheckForTimeOut
 *fill*         0x40085675        0x3 
 .text.vTaskPriorityInherit
                0x40085678       0xc4 C:/msys32/home/Johannes/esp/mixhit/build/freertos\libfreertos.a(tasks.o)
                                 0xdb (size before relaxing)
                0x40085678                vTaskPriorityInherit
 *fill*         0x4008573c        0x0 
 .text.xTaskPriorityDisinherit
                0x4008573c       0x97 C:/msys32/home/Johannes/esp/mixhit/build/freertos\libfreertos.a(tasks.o)
                                 0xaa (size before relaxing)
                0x4008573c                xTaskPriorityDisinherit
 *fill*         0x400857d3        0x1 
 .text.pvTaskIncrementMutexHeldCount
                0x400857d4       0x50 C:/msys32/home/Johannes/esp/mixhit/build/freertos\libfreertos.a(tasks.o)
                                 0x54 (size before relaxing)
                0x400857d4                pvTaskIncrementMutexHeldCount
 .text.vPortTaskWrapper
                0x40085824       0x26 C:/msys32/home/Johannes/esp/mixhit/build/freertos\libfreertos.a(port.o)
                                 0x32 (size before relaxing)
 *fill*         0x4008584a        0x2 
 .text.pxPortInitialiseStack
                0x4008584c       0x8a C:/msys32/home/Johannes/esp/mixhit/build/freertos\libfreertos.a(port.o)
                0x4008584c                pxPortInitialiseStack
 *fill*         0x400858d6        0x2 
 .text.xPortStartScheduler
                0x400858d8       0x22 C:/msys32/home/Johannes/esp/mixhit/build/freertos\libfreertos.a(port.o)
                                 0x2e (size before relaxing)
                0x400858d8                xPortStartScheduler
 *fill*         0x400858fa        0x2 
 .text.xPortSysTickHandler
                0x400858fc       0x10 C:/msys32/home/Johannes/esp/mixhit/build/freertos\libfreertos.a(port.o)
                                 0x16 (size before relaxing)
                0x400858fc                xPortSysTickHandler
 *fill*         0x4008590c        0x0 
 .text.vPortYieldOtherCore
                0x4008590c        0xa C:/msys32/home/Johannes/esp/mixhit/build/freertos\libfreertos.a(port.o)
                                  0xe (size before relaxing)
                0x4008590c                vPortYieldOtherCore
 *fill*         0x40085916        0x2 
 .text.vPortReleaseTaskMPUSettings
                0x40085918        0xa C:/msys32/home/Johannes/esp/mixhit/build/freertos\libfreertos.a(port.o)
                                  0xe (size before relaxing)
                0x40085918                vPortReleaseTaskMPUSettings
 *fill*         0x40085922        0x2 
 .text.xPortInIsrContext
                0x40085924       0x26 C:/msys32/home/Johannes/esp/mixhit/build/freertos\libfreertos.a(port.o)
                0x40085924                xPortInIsrContext
 *fill*         0x4008594a        0x2 
 .text.vPortCPUInitializeMutex
                0x4008594c        0xe C:/msys32/home/Johannes/esp/mixhit/build/freertos\libfreertos.a(port.o)
                0x4008594c                vPortCPUInitializeMutex
 *fill*         0x4008595a        0x2 
 .text.vPortCPUAcquireMutex
                0x4008595c       0x81 C:/msys32/home/Johannes/esp/mixhit/build/freertos\libfreertos.a(port.o)
                                 0x88 (size before relaxing)
                0x4008595c                vPortCPUAcquireMutex
 *fill*         0x400859dd        0x3 
 .text.vPortCPUReleaseMutex
                0x400859e0       0x4d C:/msys32/home/Johannes/esp/mixhit/build/freertos\libfreertos.a(port.o)
                                 0x50 (size before relaxing)
                0x400859e0                vPortCPUReleaseMutex
 *fill*         0x40085a2d        0x3 
 .text._xt_tick_divisor_init
                0x40085a30       0x1c C:/msys32/home/Johannes/esp/mixhit/build/freertos\libfreertos.a(xtensa_init.o)
                                 0x1f (size before relaxing)
                0x40085a30                _xt_tick_divisor_init
 *fill*         0x40085a4c        0x0 
 .text.prvIsQueueFull
                0x40085a4c       0x2a C:/msys32/home/Johannes/esp/mixhit/build/freertos\libfreertos.a(queue.o)
 *fill*         0x40085a76        0x2 
 .text.prvCopyDataToQueue
                0x40085a78       0x9e C:/msys32/home/Johannes/esp/mixhit/build/freertos\libfreertos.a(queue.o)
 *fill*         0x40085b16        0x2 
 .text.prvNotifyQueueSetContainer
                0x40085b18       0x77 C:/msys32/home/Johannes/esp/mixhit/build/freertos\libfreertos.a(queue.o)
                                 0x8a (size before relaxing)
 *fill*         0x40085b8f        0x1 
 .text.prvCopyDataFromQueue
                0x40085b90       0x24 C:/msys32/home/Johannes/esp/mixhit/build/freertos\libfreertos.a(queue.o)
 .text.xQueueGenericReset
                0x40085bb4       0x86 C:/msys32/home/Johannes/esp/mixhit/build/freertos\libfreertos.a(queue.o)
                                 0x96 (size before relaxing)
                0x40085bb4                xQueueGenericReset
 *fill*         0x40085c3a        0x2 
 .text.prvInitialiseNewQueue
                0x40085c3c       0x1f C:/msys32/home/Johannes/esp/mixhit/build/freertos\libfreertos.a(queue.o)
                                 0x23 (size before relaxing)
 *fill*         0x40085c5b        0x1 
 .text.xQueueGenericCreate
                0x40085c5c       0x49 C:/msys32/home/Johannes/esp/mixhit/build/freertos\libfreertos.a(queue.o)
                                 0x4d (size before relaxing)
                0x40085c5c                xQueueGenericCreate
 *fill*         0x40085ca5        0x3 
 .text.xQueueGetMutexHolder
                0x40085ca8       0x23 C:/msys32/home/Johannes/esp/mixhit/build/freertos\libfreertos.a(queue.o)
                0x40085ca8                xQueueGetMutexHolder
 *fill*         0x40085ccb        0x1 
 .text.xQueueCreateCountingSemaphore
                0x40085ccc       0x66 C:/msys32/home/Johannes/esp/mixhit/build/freertos\libfreertos.a(queue.o)
                                 0x6a (size before relaxing)
                0x40085ccc                xQueueCreateCountingSemaphore
 *fill*         0x40085d32        0x2 
 .text.xQueueGenericSend
                0x40085d34      0x158 C:/msys32/home/Johannes/esp/mixhit/build/freertos\libfreertos.a(queue.o)
                                0x18c (size before relaxing)
                0x40085d34                xQueueGenericSend
 .text.prvInitialiseMutex
                0x40085e8c       0x22 C:/msys32/home/Johannes/esp/mixhit/build/freertos\libfreertos.a(queue.o)
                                 0x26 (size before relaxing)
 *fill*         0x40085eae        0x2 
 .text.xQueueCreateMutex
                0x40085eb0       0x16 C:/msys32/home/Johannes/esp/mixhit/build/freertos\libfreertos.a(queue.o)
                                 0x1a (size before relaxing)
                0x40085eb0                xQueueCreateMutex
 *fill*         0x40085ec6        0x2 
 .text.xQueueGiveMutexRecursive
                0x40085ec8       0x48 C:/msys32/home/Johannes/esp/mixhit/build/freertos\libfreertos.a(queue.o)
                                 0x4c (size before relaxing)
                0x40085ec8                xQueueGiveMutexRecursive
 .text.xQueueGenericSendFromISR
                0x40085f10       0xd6 C:/msys32/home/Johannes/esp/mixhit/build/freertos\libfreertos.a(queue.o)
                                 0xe6 (size before relaxing)
                0x40085f10                xQueueGenericSendFromISR
 *fill*         0x40085fe6        0x2 
 .text.xQueueGiveFromISR
                0x40085fe8       0xb6 C:/msys32/home/Johannes/esp/mixhit/build/freertos\libfreertos.a(queue.o)
                                 0xc2 (size before relaxing)
                0x40085fe8                xQueueGiveFromISR
 *fill*         0x4008609e        0x2 
 .text.xQueueGenericReceive
                0x400860a0      0x144 C:/msys32/home/Johannes/esp/mixhit/build/freertos\libfreertos.a(queue.o)
                                0x178 (size before relaxing)
                0x400860a0                xQueueGenericReceive
 .text.xQueueTakeMutexRecursive
                0x400861e4       0x51 C:/msys32/home/Johannes/esp/mixhit/build/freertos\libfreertos.a(queue.o)
                0x400861e4                xQueueTakeMutexRecursive
 *fill*         0x40086235        0x3 
 .text.xQueueReceiveFromISR
                0x40086238       0x96 C:/msys32/home/Johannes/esp/mixhit/build/freertos\libfreertos.a(queue.o)
                                 0xa6 (size before relaxing)
                0x40086238                xQueueReceiveFromISR
 *fill*         0x400862ce        0x2 
 .text.vQueueDelete
                0x400862d0       0x28 C:/msys32/home/Johannes/esp/mixhit/build/freertos\libfreertos.a(queue.o)
                0x400862d0                vQueueDelete
 .text.vQueueWaitForMessageRestricted
                0x400862f8       0x23 C:/msys32/home/Johannes/esp/mixhit/build/freertos\libfreertos.a(queue.o)
                                 0x2a (size before relaxing)
                0x400862f8                vQueueWaitForMessageRestricted
 *fill*         0x4008631b        0x1 
 .text.xt_unhandled_interrupt
                0x4008631c       0x16 C:/msys32/home/Johannes/esp/mixhit/build/freertos\libfreertos.a(xtensa_intr.o)
                0x4008631c                xt_unhandled_interrupt
 *fill*         0x40086332        0x2 
 .text.xt_set_interrupt_handler
                0x40086334       0x46 C:/msys32/home/Johannes/esp/mixhit/build/freertos\libfreertos.a(xtensa_intr.o)
                0x40086334                xt_set_interrupt_handler
 *fill*         0x4008637a        0x2 
 .text          0x4008637c      0x1d0 C:/msys32/home/Johannes/esp/mixhit/build/freertos\libfreertos.a(portasm.o)
                0x4008637c                _frxt_setup_switch
                0x40086394                _frxt_int_enter
                0x400863dc                _frxt_int_exit
                0x4008642c                _frxt_timer_int
                0x40086454                _frxt_tick_timer_init
                0x4008646c                _frxt_dispatch
                0x400864b4                vPortYield
                0x40086500                vPortYieldFromInt
                0x40086520                _frxt_task_coproc_state
 .text          0x4008654c      0x12b C:/msys32/home/Johannes/esp/mixhit/build/freertos\libfreertos.a(xtensa_context.o)
                0x4008654c                _xt_context_save
                0x400865b4                _xt_context_restore
                0x400865f8                _xt_coproc_init
                0x4008660c                _xt_coproc_release
                0x40086638                _xt_coproc_savecs
                0x40086658                _xt_coproc_restorecs
 *fill*         0x40086677        0x1 
 .text.prvGetNextExpireTime
                0x40086678       0x20 C:/msys32/home/Johannes/esp/mixhit/build/freertos\libfreertos.a(timers.o)
 .text.prvInsertTimerInActiveList
                0x40086698       0x50 C:/msys32/home/Johannes/esp/mixhit/build/freertos\libfreertos.a(timers.o)
                                 0x54 (size before relaxing)
 .text.prvCheckForValidListAndQueue
                0x400866e8       0x66 C:/msys32/home/Johannes/esp/mixhit/build/freertos\libfreertos.a(timers.o)
                                 0x7e (size before relaxing)
 *fill*         0x4008674e        0x2 
 .text.xTimerCreateTimerTask
                0x40086750       0x48 C:/msys32/home/Johannes/esp/mixhit/build/freertos\libfreertos.a(timers.o)
                                 0x4c (size before relaxing)
                0x40086750                xTimerCreateTimerTask
 .text.xTimerGenericCommand
                0x40086798       0x55 C:/msys32/home/Johannes/esp/mixhit/build/freertos\libfreertos.a(timers.o)
                                 0x5d (size before relaxing)
                0x40086798                xTimerGenericCommand
 *fill*         0x400867ed        0x3 
 .text.prvSwitchTimerLists
                0x400867f0       0x76 C:/msys32/home/Johannes/esp/mixhit/build/freertos\libfreertos.a(timers.o)
                                 0x82 (size before relaxing)
 *fill*         0x40086866        0x2 
 .text.prvSampleTimeNow
                0x40086868       0x2b C:/msys32/home/Johannes/esp/mixhit/build/freertos\libfreertos.a(timers.o)
                                 0x2f (size before relaxing)
 *fill*         0x40086893        0x1 
 .text.prvProcessExpiredTimer
                0x40086894       0x53 C:/msys32/home/Johannes/esp/mixhit/build/freertos\libfreertos.a(timers.o)
                                 0x5f (size before relaxing)
 *fill*         0x400868e7        0x1 
 .text.prvProcessTimerOrBlockTask
                0x400868e8       0x58 C:/msys32/home/Johannes/esp/mixhit/build/freertos\libfreertos.a(timers.o)
                                 0x6c (size before relaxing)
 .text.prvProcessReceivedCommands
                0x40086940       0xd6 C:/msys32/home/Johannes/esp/mixhit/build/freertos\libfreertos.a(timers.o)
                                 0xe6 (size before relaxing)
 *fill*         0x40086a16        0x2 
 .text.prvTimerTask
                0x40086a18       0x15 C:/msys32/home/Johannes/esp/mixhit/build/freertos\libfreertos.a(timers.o)
                                 0x1d (size before relaxing)
 *fill*         0x40086a2d        0x0 
 *fill*         0x40086a2d        0x0 
 *fill*         0x40086a2d        0x0 
 *fill*         0x40086a2d        0x0 
 *fill*         0x40086a2d        0x0 
 *fill*         0x40086a2d        0x0 
 *fill*         0x40086a2d        0x0 
 *fill*         0x40086a2d        0x0 
 *fill*         0x40086a2d        0x0 
 *fill*         0x40086a2d        0x0 
 *fill*         0x40086a2d        0x0 
 *fill*         0x40086a2d        0x0 
 *fill*         0x40086a2d        0x0 
 *fill*         0x40086a2d        0x0 
 *fill*         0x40086a2d        0x0 
 *fill*         0x40086a2d        0x0 
 *fill*         0x40086a2d        0x0 
 *fill*         0x40086a2d        0x0 
 *fill*         0x40086a2d        0x0 
 *fill*         0x40086a2d        0x0 
 *fill*         0x40086a2d        0x0 
 *fill*         0x40086a2d        0x0 
 *fill*         0x40086a2d        0x0 
 *fill*         0x40086a2d        0x0 
 *fill*         0x40086a2d        0x0 
 *fill*         0x40086a2d        0x0 
 *fill*         0x40086a2d        0x0 
 *fill*         0x40086a2d        0x0 
 *fill*         0x40086a2d        0x0 
 *fill*         0x40086a2d        0x0 
 *fill*         0x40086a2d        0x0 
 *fill*         0x40086a2d        0x0 
 *fill*         0x40086a2d        0x0 
 *fill*         0x40086a2d        0x0 
 *fill*         0x40086a2d        0x3 
 .text.vPortStoreTaskMPUSettings
                0x40086a30       0x13 C:/msys32/home/Johannes/esp/mixhit/build/freertos\libfreertos.a(port.o)
                0x40086a30                vPortStoreTaskMPUSettings
 *fill*         0x40086a43        0x0 
 *fill*         0x40086a43        0x0 
 *fill*         0x40086a43        0x0 
 *fill*         0x40086a43        0x0 
 *fill*         0x40086a43        0x1 
 .text.vListInitialise
                0x40086a44       0x15 C:/msys32/home/Johannes/esp/mixhit/build/freertos\libfreertos.a(list.o)
                0x40086a44                vListInitialise
 *fill*         0x40086a59        0x3 
 .text.vListInitialiseItem
                0x40086a5c        0x9 C:/msys32/home/Johannes/esp/mixhit/build/freertos\libfreertos.a(list.o)
                0x40086a5c                vListInitialiseItem
 *fill*         0x40086a65        0x3 
 .text.vListInsertEnd
                0x40086a68       0x1b C:/msys32/home/Johannes/esp/mixhit/build/freertos\libfreertos.a(list.o)
                0x40086a68                vListInsertEnd
 *fill*         0x40086a83        0x1 
 .text.vListInsert
                0x40086a84       0x2f C:/msys32/home/Johannes/esp/mixhit/build/freertos\libfreertos.a(list.o)
                0x40086a84                vListInsert
 *fill*         0x40086ab3        0x1 
 .text.uxListRemove
                0x40086ab4       0x26 C:/msys32/home/Johannes/esp/mixhit/build/freertos\libfreertos.a(list.o)
                0x40086ab4                uxListRemove
 *fill*         0x40086ada        0x2 
 .text.prvIsQueueEmpty
                0x40086adc       0x12 C:/msys32/home/Johannes/esp/mixhit/build/freertos\libfreertos.a(queue.o)
 *fill*         0x40086aee        0x0 
 *fill*         0x40086aee        0x0 
 *fill*         0x40086aee        0x0 
 *fill*         0x40086aee        0x0 
 *fill*         0x40086aee        0x0 
 *fill*         0x40086aee        0x0 
 *fill*         0x40086aee        0x0 
 *fill*         0x40086aee        0x0 
 *fill*         0x40086aee        0x0 
 *fill*         0x40086aee        0x0 
 *fill*         0x40086aee        0x0 
 *fill*         0x40086aee        0x0 
 *fill*         0x40086aee        0x0 
 *fill*         0x40086aee        0x0 
 *fill*         0x40086aee        0x0 
 *fill*         0x40086aee        0x0 
 *fill*         0x40086aee        0x0 
 *fill*         0x40086aee        0x0 
 *fill*         0x40086aee        0x2 
 .text          0x40086af0       0x33 C:/msys32/home/Johannes/esp/mixhit/build/freertos\libfreertos.a(xtensa_intr_asm.o)
                0x40086af0                xt_ints_on
                0x40086b08                xt_ints_off
 *fill*         0x40086b23        0x0 
 *fill*         0x40086b23        0x0 
 *fill*         0x40086b23        0x0 
 *fill*         0x40086b23        0x0 
 *fill*         0x40086b23        0x0 
 *fill*         0x40086b23        0x0 
 *fill*         0x40086b23        0x0 
 *libheap.a:multi_heap.*(.literal .text .literal.* .text.*)
 *fill*         0x40086b23        0x1 
 .text.get_prev_free_block
                0x40086b24       0x68 C:/msys32/home/Johannes/esp/mixhit/build/heap\libheap.a(multi_heap.o)
                                 0x77 (size before relaxing)
 *fill*         0x40086b8c        0x0 
 .text.split_if_necessary
                0x40086b8c      0x138 C:/msys32/home/Johannes/esp/mixhit/build/heap\libheap.a(multi_heap.o)
                                0x148 (size before relaxing)
 .text.assert_valid_block
                0x40086cc4       0xb0 C:/msys32/home/Johannes/esp/mixhit/build/heap\libheap.a(multi_heap.o)
                                 0xb4 (size before relaxing)
 .text.merge_adjacent
                0x40086d74      0x12c C:/msys32/home/Johannes/esp/mixhit/build/heap\libheap.a(multi_heap.o)
                                0x140 (size before relaxing)
 .text.multi_heap_get_allocated_size_impl
                0x40086ea0       0x38 C:/msys32/home/Johannes/esp/mixhit/build/heap\libheap.a(multi_heap.o)
                                 0x3c (size before relaxing)
                0x40086ea0                multi_heap_get_allocated_size_impl
                0x40086ea0                multi_heap_get_allocated_size
 .text.multi_heap_malloc_impl
                0x40086ed8      0x110 C:/msys32/home/Johannes/esp/mixhit/build/heap\libheap.a(multi_heap.o)
                                0x120 (size before relaxing)
                0x40086ed8                multi_heap_malloc_impl
                0x40086ed8                multi_heap_malloc
 .text.multi_heap_free_impl
                0x40086fe8      0x130 C:/msys32/home/Johannes/esp/mixhit/build/heap\libheap.a(multi_heap.o)
                                0x14c (size before relaxing)
                0x40086fe8                multi_heap_free_impl
                0x40086fe8                multi_heap_free
 .text.multi_heap_realloc_impl
                0x40087118      0x258 C:/msys32/home/Johannes/esp/mixhit/build/heap\libheap.a(multi_heap.o)
                                0x274 (size before relaxing)
                0x40087118                multi_heap_realloc_impl
                0x40087118                multi_heap_realloc
 *fill*         0x40087370        0x0 
 *fill*         0x40087370        0x0 
 .text.multi_heap_register_impl